<html>
<body>
<pre>
<h1>µVision Build Log</h1>
<h2>Tool Versions:</h2>
IDE-Version: µVision V5.37.0.0
Copyright (C) 2022 ARM Ltd and ARM Germany GmbH. All rights reserved.
License Information: Stefano Di Carlo, Politecnico di Torino, LIC=----
 
Tool Versions:
Toolchain:       MDK-Lite  Version: 5.37.0.0
Toolchain Path:  C:\Keil_v5\ARM\ARMCLAN5\Bin
C Compiler:      Armcc.exe V5.06 update 7 (build 960)
Assembler:       Armasm.exe V5.06 update 7 (build 960)
Linker/Locator:  ArmLink.exe V5.06 update 7 (build 960)
Library Manager: ArmAr.exe V5.06 update 7 (build 960)
Hex Converter:   FromElf.exe V5.06 update 7 (build 960)
CPU DLL:         SARMCM3.DLL V5.37.0.0
Dialog DLL:      DARMP1.DLL V1.28.1.0
Target DLL:      UL2CM3.DLL V1.164.7.0
Dialog DLL:      TARMP1.DLL V1.27.1.0
 
<h2>Project:</h2>
Z:\EmbeddedOS\Project_set\proposed_solution\os_micrium_landtiger.uvprojx
Project File Date:  12/09/2022

<h2>Output:</h2>
*** Using Compiler 'V5.06 update 7 (build 960)', folder: 'C:\Keil_v5\ARM\ARMCLAN5\Bin'
Rebuild target 'Target 1'
Note: source file '.\Board\GLCD\AsciiLib.c' - object file renamed from '.\Objects\AsciiLib.o' to '.\Objects\asciilib_1.o'.
Note: source file '.\Board\GLCD\GLCD.c' - object file renamed from '.\Objects\GLCD.o' to '.\Objects\glcd_1.o'.
Note: source file '.\Board\GLCD\HzLib.c' - object file renamed from '.\Objects\HzLib.o' to '.\Objects\hzlib_1.o'.
compiling algorithm.c...
algorithm.c(33): warning:  #1-D: last line of file ends without a newline
  //}
algorithm.c: 1 warning, 0 errors
compiling demo main.c...
compiling bsp_os.c...
.\Software\user\configuration_os\app_cfg.h(51): warning:  #47-D: incompatible redefinition of macro "OS_CFG_TASK_DEL_EN"  (declared at line 87 of ".\Software\user\configuration_os\os_cfg.h")
  #define OS_CFG_TASK_DEL_EN 1
.\Software\user\configuration_os\app_cfg.h(52): warning:  #47-D: incompatible redefinition of macro "OS_CFG_TMR_EN"  (declared at line 102 of ".\Software\user\configuration_os\os_cfg.h")
  #define OS_CFG_TMR_EN 1
Software\user\BSP\bsp_os.c: 2 warnings, 0 errors
compiling main.c...
Board/adc/adc.h(12): warning:  #1-D: last line of file ends without a newline
  #endif 
Board/button_EXINT/button.h(12): warning:  #1-D: last line of file ends without a newline
  #endif
.\Software\user\configuration_os\os_cfg.h(87): warning:  #47-D: incompatible redefinition of macro "OS_CFG_TASK_DEL_EN"  (declared at line 51 of ".\Software\user\configuration_os\app_cfg.h")
  #define OS_CFG_TASK_DEL_EN              0u   /* Include code for OSTaskDel()                                          */
.\Software\user\configuration_os\os_cfg.h(102): warning:  #47-D: incompatible redefinition of macro "OS_CFG_TMR_EN"  (declared at line 52 of ".\Software\user\configuration_os\app_cfg.h")
  #define OS_CFG_TMR_EN                   1u   /* Enable (1) or Disable (0) code generation for TIMERS                  */
main.c(123): warning:  #167-D: argument of type "void (*)(OS_TMR *, void *)" is incompatible with parameter of type "OS_TMR_CALLBACK_PTR"
  										TTTmr_callback,				 /* p_callback     */
main.c(135): warning:  #167-D: argument of type "void (*)(OS_TMR *, void *)" is incompatible with parameter of type "OS_TMR_CALLBACK_PTR"
  										WLTmr_callback,				 /* p_callback     */
main.c(146): warning:  #167-D: argument of type "void (*)(OS_TMR *, void *)" is incompatible with parameter of type "OS_TMR_CALLBACK_PTR"
  										OutputTmr_callback,				 /* p_callback     */
main.c(206): warning:  #167-D: argument of type "uint8_t **" is incompatible with parameter of type "uint8_t *"
  					GUI_Text(120,0,val1, Black, White);
main.c(172): warning:  #177-D: variable "os_err"  was declared but never referenced
  		OS_ERR  os_err;
main.c(174): warning:  #177-D: variable "status"  was declared but never referenced
  		CPU_BOOLEAN  status;
main.c(299): warning:  #223-D: function "OSTaskDel" declared implicitly
  	OSTaskDel(&READ_WL, &err);
main.c(367): warning:  #167-D: argument of type "uint8_t *(*)[16]" is incompatible with parameter of type "uint8_t *"
  	tostring(&val1, WL);
main.c(357): warning:  #177-D: variable "err"  was declared but never referenced
  	OS_ERR err;
main.c(425): warning:  #1-D: last line of file ends without a newline
      }
main.c(48): warning:  #177-D: variable "max_WL"  was declared but never referenced
  static short max_WL = 200; //Define absolute max water level of tank (Liters)
main.c(49): warning:  #177-D: variable "alert_WL"  was declared but never referenced
  static short alert_WL = 180;  //What WL should give alert.
main.c(65): warning:  #177-D: function "App_ObjCreate"  was declared but never referenced
  static void App_ObjCreate  (void);
main.c(66): warning:  #177-D: function "App_TaskCreate"  was declared but never referenced
  static void App_TaskCreate(void);
main.c: 18 warnings, 0 errors
compiling bsp.c...
.\Software\user\configuration_os\app_cfg.h(51): warning:  #47-D: incompatible redefinition of macro "OS_CFG_TASK_DEL_EN"  (declared at line 87 of ".\Software\user\configuration_os\os_cfg.h")
  #define OS_CFG_TASK_DEL_EN 1
.\Software\user\configuration_os\app_cfg.h(52): warning:  #47-D: incompatible redefinition of macro "OS_CFG_TMR_EN"  (declared at line 102 of ".\Software\user\configuration_os\os_cfg.h")
  #define OS_CFG_TMR_EN 1
Software\user\BSP\bsp.c: 2 warnings, 0 errors
assembling cpu_a.s...
compiling app_hooks.c...
Software\user\configuration_os\./../../../Board/adc/adc.h(12): warning:  #1-D: last line of file ends without a newline
  #endif 
Software\user\configuration_os\./../../../Board/button_EXINT/button.h(12): warning:  #1-D: last line of file ends without a newline
  #endif
.\Software\user\configuration_os\os_cfg.h(87): warning:  #47-D: incompatible redefinition of macro "OS_CFG_TASK_DEL_EN"  (declared at line 51 of ".\Software\user\configuration_os\app_cfg.h")
  #define OS_CFG_TASK_DEL_EN              0u   /* Include code for OSTaskDel()                                          */
.\Software\user\configuration_os\os_cfg.h(102): warning:  #47-D: incompatible redefinition of macro "OS_CFG_TMR_EN"  (declared at line 52 of ".\Software\user\configuration_os\app_cfg.h")
  #define OS_CFG_TMR_EN                   1u   /* Enable (1) or Disable (0) code generation for TIMERS                  */
Software\user\configuration_os\app_hooks.c: 4 warnings, 0 errors
compiling os_app_hooks.c...
.\Software\user\configuration_os\app_cfg.h(51): warning:  #47-D: incompatible redefinition of macro "OS_CFG_TASK_DEL_EN"  (declared at line 87 of ".\Software\user\configuration_os\os_cfg.h")
  #define OS_CFG_TASK_DEL_EN 1
.\Software\user\configuration_os\app_cfg.h(52): warning:  #47-D: incompatible redefinition of macro "OS_CFG_TMR_EN"  (declared at line 102 of ".\Software\user\configuration_os\os_cfg.h")
  #define OS_CFG_TMR_EN 1
Software\user\configuration_os\os_app_hooks.c: 2 warnings, 0 errors
compiling cpu_c.c...
compiling cpu_core.c...
compiling csp.c...
compiling csp_gpio.c...
compiling csp_int.c...
compiling csp_pm.c...
assembling lib_mem_a.asm...
compiling lib_ascii.c...
compiling csp_tmr.c...
compiling lib_math.c...
compiling lib_str.c...
compiling lib_mem.c...
compiling os_cfg_app.c...
.\Software\user\configuration_os\app_cfg.h(51): warning:  #47-D: incompatible redefinition of macro "OS_CFG_TASK_DEL_EN"  (declared at line 87 of ".\Software\user\configuration_os\os_cfg.h")
  #define OS_CFG_TASK_DEL_EN 1
.\Software\user\configuration_os\app_cfg.h(52): warning:  #47-D: incompatible redefinition of macro "OS_CFG_TMR_EN"  (declared at line 102 of ".\Software\user\configuration_os\os_cfg.h")
  #define OS_CFG_TMR_EN 1
Software\uCOS-III\Source\os_cfg_app.c: 2 warnings, 0 errors
compiling os_dbg.c...
.\Software\user\configuration_os\app_cfg.h(51): warning:  #47-D: incompatible redefinition of macro "OS_CFG_TASK_DEL_EN"  (declared at line 87 of ".\Software\user\configuration_os\os_cfg.h")
  #define OS_CFG_TASK_DEL_EN 1
.\Software\user\configuration_os\app_cfg.h(52): warning:  #47-D: incompatible redefinition of macro "OS_CFG_TMR_EN"  (declared at line 102 of ".\Software\user\configuration_os\os_cfg.h")
  #define OS_CFG_TMR_EN 1
Software\uCOS-III\Source\os_dbg.c: 2 warnings, 0 errors
compiling os_core.c...
.\Software\user\configuration_os\app_cfg.h(51): warning:  #47-D: incompatible redefinition of macro "OS_CFG_TASK_DEL_EN"  (declared at line 87 of ".\Software\user\configuration_os\os_cfg.h")
  #define OS_CFG_TASK_DEL_EN 1
.\Software\user\configuration_os\app_cfg.h(52): warning:  #47-D: incompatible redefinition of macro "OS_CFG_TMR_EN"  (declared at line 102 of ".\Software\user\configuration_os\os_cfg.h")
  #define OS_CFG_TMR_EN 1
Software\uCOS-III\Source\os_core.c: 2 warnings, 0 errors
compiling os_flag.c...
.\Software\user\configuration_os\app_cfg.h(51): warning:  #47-D: incompatible redefinition of macro "OS_CFG_TASK_DEL_EN"  (declared at line 87 of ".\Software\user\configuration_os\os_cfg.h")
  #define OS_CFG_TASK_DEL_EN 1
.\Software\user\configuration_os\app_cfg.h(52): warning:  #47-D: incompatible redefinition of macro "OS_CFG_TMR_EN"  (declared at line 102 of ".\Software\user\configuration_os\os_cfg.h")
  #define OS_CFG_TMR_EN 1
Software\uCOS-III\Source\os_flag.c: 2 warnings, 0 errors
compiling os_int.c...
.\Software\user\configuration_os\app_cfg.h(51): warning:  #47-D: incompatible redefinition of macro "OS_CFG_TASK_DEL_EN"  (declared at line 87 of ".\Software\user\configuration_os\os_cfg.h")
  #define OS_CFG_TASK_DEL_EN 1
.\Software\user\configuration_os\app_cfg.h(52): warning:  #47-D: incompatible redefinition of macro "OS_CFG_TMR_EN"  (declared at line 102 of ".\Software\user\configuration_os\os_cfg.h")
  #define OS_CFG_TMR_EN 1
Software\uCOS-III\Source\os_int.c: 2 warnings, 0 errors
compiling os_mem.c...
.\Software\user\configuration_os\app_cfg.h(51): warning:  #47-D: incompatible redefinition of macro "OS_CFG_TASK_DEL_EN"  (declared at line 87 of ".\Software\user\configuration_os\os_cfg.h")
  #define OS_CFG_TASK_DEL_EN 1
.\Software\user\configuration_os\app_cfg.h(52): warning:  #47-D: incompatible redefinition of macro "OS_CFG_TMR_EN"  (declared at line 102 of ".\Software\user\configuration_os\os_cfg.h")
  #define OS_CFG_TMR_EN 1
Software\uCOS-III\Source\os_mem.c: 2 warnings, 0 errors
compiling os_msg.c...
.\Software\user\configuration_os\app_cfg.h(51): warning:  #47-D: incompatible redefinition of macro "OS_CFG_TASK_DEL_EN"  (declared at line 87 of ".\Software\user\configuration_os\os_cfg.h")
  #define OS_CFG_TASK_DEL_EN 1
.\Software\user\configuration_os\app_cfg.h(52): warning:  #47-D: incompatible redefinition of macro "OS_CFG_TMR_EN"  (declared at line 102 of ".\Software\user\configuration_os\os_cfg.h")
  #define OS_CFG_TMR_EN 1
Software\uCOS-III\Source\os_msg.c: 2 warnings, 0 errors
compiling os_mutex.c...
.\Software\user\configuration_os\app_cfg.h(51): warning:  #47-D: incompatible redefinition of macro "OS_CFG_TASK_DEL_EN"  (declared at line 87 of ".\Software\user\configuration_os\os_cfg.h")
  #define OS_CFG_TASK_DEL_EN 1
.\Software\user\configuration_os\app_cfg.h(52): warning:  #47-D: incompatible redefinition of macro "OS_CFG_TMR_EN"  (declared at line 102 of ".\Software\user\configuration_os\os_cfg.h")
  #define OS_CFG_TMR_EN 1
Software\uCOS-III\Source\os_mutex.c: 2 warnings, 0 errors
compiling os_pend_multi.c...
.\Software\user\configuration_os\app_cfg.h(51): warning:  #47-D: incompatible redefinition of macro "OS_CFG_TASK_DEL_EN"  (declared at line 87 of ".\Software\user\configuration_os\os_cfg.h")
  #define OS_CFG_TASK_DEL_EN 1
.\Software\user\configuration_os\app_cfg.h(52): warning:  #47-D: incompatible redefinition of macro "OS_CFG_TMR_EN"  (declared at line 102 of ".\Software\user\configuration_os\os_cfg.h")
  #define OS_CFG_TMR_EN 1
Software\uCOS-III\Source\os_pend_multi.c: 2 warnings, 0 errors
compiling os_prio.c...
.\Software\user\configuration_os\app_cfg.h(51): warning:  #47-D: incompatible redefinition of macro "OS_CFG_TASK_DEL_EN"  (declared at line 87 of ".\Software\user\configuration_os\os_cfg.h")
  #define OS_CFG_TASK_DEL_EN 1
.\Software\user\configuration_os\app_cfg.h(52): warning:  #47-D: incompatible redefinition of macro "OS_CFG_TMR_EN"  (declared at line 102 of ".\Software\user\configuration_os\os_cfg.h")
  #define OS_CFG_TMR_EN 1
Software\uCOS-III\Source\os_prio.c: 2 warnings, 0 errors
compiling os_q.c...
.\Software\user\configuration_os\app_cfg.h(51): warning:  #47-D: incompatible redefinition of macro "OS_CFG_TASK_DEL_EN"  (declared at line 87 of ".\Software\user\configuration_os\os_cfg.h")
  #define OS_CFG_TASK_DEL_EN 1
.\Software\user\configuration_os\app_cfg.h(52): warning:  #47-D: incompatible redefinition of macro "OS_CFG_TMR_EN"  (declared at line 102 of ".\Software\user\configuration_os\os_cfg.h")
  #define OS_CFG_TMR_EN 1
Software\uCOS-III\Source\os_q.c: 2 warnings, 0 errors
compiling os_stat.c...
.\Software\user\configuration_os\app_cfg.h(51): warning:  #47-D: incompatible redefinition of macro "OS_CFG_TASK_DEL_EN"  (declared at line 87 of ".\Software\user\configuration_os\os_cfg.h")
  #define OS_CFG_TASK_DEL_EN 1
.\Software\user\configuration_os\app_cfg.h(52): warning:  #47-D: incompatible redefinition of macro "OS_CFG_TMR_EN"  (declared at line 102 of ".\Software\user\configuration_os\os_cfg.h")
  #define OS_CFG_TMR_EN 1
Software\uCOS-III\Source\os_stat.c: 2 warnings, 0 errors
compiling os_sem.c...
.\Software\user\configuration_os\app_cfg.h(51): warning:  #47-D: incompatible redefinition of macro "OS_CFG_TASK_DEL_EN"  (declared at line 87 of ".\Software\user\configuration_os\os_cfg.h")
  #define OS_CFG_TASK_DEL_EN 1
.\Software\user\configuration_os\app_cfg.h(52): warning:  #47-D: incompatible redefinition of macro "OS_CFG_TMR_EN"  (declared at line 102 of ".\Software\user\configuration_os\os_cfg.h")
  #define OS_CFG_TMR_EN 1
Software\uCOS-III\Source\os_sem.c: 2 warnings, 0 errors
compiling os_task.c...
.\Software\user\configuration_os\app_cfg.h(51): warning:  #47-D: incompatible redefinition of macro "OS_CFG_TASK_DEL_EN"  (declared at line 87 of ".\Software\user\configuration_os\os_cfg.h")
  #define OS_CFG_TASK_DEL_EN 1
.\Software\user\configuration_os\app_cfg.h(52): warning:  #47-D: incompatible redefinition of macro "OS_CFG_TMR_EN"  (declared at line 102 of ".\Software\user\configuration_os\os_cfg.h")
  #define OS_CFG_TMR_EN 1
Software\uCOS-III\Source\os_task.c: 2 warnings, 0 errors
compiling os_tick.c...
.\Software\user\configuration_os\app_cfg.h(51): warning:  #47-D: incompatible redefinition of macro "OS_CFG_TASK_DEL_EN"  (declared at line 87 of ".\Software\user\configuration_os\os_cfg.h")
  #define OS_CFG_TASK_DEL_EN 1
.\Software\user\configuration_os\app_cfg.h(52): warning:  #47-D: incompatible redefinition of macro "OS_CFG_TMR_EN"  (declared at line 102 of ".\Software\user\configuration_os\os_cfg.h")
  #define OS_CFG_TMR_EN 1
Software\uCOS-III\Source\os_tick.c: 2 warnings, 0 errors
compiling os_time.c...
.\Software\user\configuration_os\app_cfg.h(51): warning:  #47-D: incompatible redefinition of macro "OS_CFG_TASK_DEL_EN"  (declared at line 87 of ".\Software\user\configuration_os\os_cfg.h")
  #define OS_CFG_TASK_DEL_EN 1
.\Software\user\configuration_os\app_cfg.h(52): warning:  #47-D: incompatible redefinition of macro "OS_CFG_TMR_EN"  (declared at line 102 of ".\Software\user\configuration_os\os_cfg.h")
  #define OS_CFG_TMR_EN 1
Software\uCOS-III\Source\os_time.c: 2 warnings, 0 errors
compiling os_tmr.c...
.\Software\user\configuration_os\app_cfg.h(51): warning:  #47-D: incompatible redefinition of macro "OS_CFG_TASK_DEL_EN"  (declared at line 87 of ".\Software\user\configuration_os\os_cfg.h")
  #define OS_CFG_TASK_DEL_EN 1
.\Software\user\configuration_os\app_cfg.h(52): warning:  #47-D: incompatible redefinition of macro "OS_CFG_TMR_EN"  (declared at line 102 of ".\Software\user\configuration_os\os_cfg.h")
  #define OS_CFG_TMR_EN 1
Software\uCOS-III\Source\os_tmr.c: 2 warnings, 0 errors
compiling os_var.c...
.\Software\user\configuration_os\app_cfg.h(51): warning:  #47-D: incompatible redefinition of macro "OS_CFG_TASK_DEL_EN"  (declared at line 87 of ".\Software\user\configuration_os\os_cfg.h")
  #define OS_CFG_TASK_DEL_EN 1
.\Software\user\configuration_os\app_cfg.h(52): warning:  #47-D: incompatible redefinition of macro "OS_CFG_TMR_EN"  (declared at line 102 of ".\Software\user\configuration_os\os_cfg.h")
  #define OS_CFG_TMR_EN 1
Software\uCOS-III\Source\os_var.c: 2 warnings, 0 errors
compiling os_csp.c...
.\Software\user\configuration_os\app_cfg.h(51): warning:  #47-D: incompatible redefinition of macro "OS_CFG_TASK_DEL_EN"  (declared at line 87 of ".\Software\user\configuration_os\os_cfg.h")
  #define OS_CFG_TASK_DEL_EN 1
.\Software\user\configuration_os\app_cfg.h(52): warning:  #47-D: incompatible redefinition of macro "OS_CFG_TMR_EN"  (declared at line 102 of ".\Software\user\configuration_os\os_cfg.h")
  #define OS_CFG_TMR_EN 1
Software\uCOS-III\Ports\ARM-Cortex-M3\CSP\os_csp.c: 2 warnings, 0 errors
assembling os_cpu_a.s...
compiling AsciiLib.c...
compiling os_cpu_c.c...
.\Software\user\configuration_os\app_cfg.h(51): warning:  #47-D: incompatible redefinition of macro "OS_CFG_TASK_DEL_EN"  (declared at line 87 of ".\Software\user\configuration_os\os_cfg.h")
  #define OS_CFG_TASK_DEL_EN 1
.\Software\user\configuration_os\app_cfg.h(52): warning:  #47-D: incompatible redefinition of macro "OS_CFG_TMR_EN"  (declared at line 102 of ".\Software\user\configuration_os\os_cfg.h")
  #define OS_CFG_TMR_EN 1
Software\uCOS-III\Ports\ARM-Cortex-M3\Generic\os_cpu_c.c: 2 warnings, 0 errors
compiling funct_joystick.c...
compiling HzLib.c...
compiling lib_joystick.c...
compiling funct_led.c...
compiling GLCD.c...
compiling lib_led.c...
compiling IRQ_timer.c...
compiling lib_timer.c...
compiling IRQ_button.c...
Board\button_EXINT\button.h(12): warning:  #1-D: last line of file ends without a newline
  #endif
Board\button_EXINT\IRQ_button.c: 1 warning, 0 errors
compiling lib_button.c...
Board\button_EXINT\button.h(12): warning:  #1-D: last line of file ends without a newline
  #endif
Board\button_EXINT\lib_button.c: 1 warning, 0 errors
compiling GPIO_LPC17xx.c...
compiling PIN_LPC17xx.c...
assembling startup_LPC17xx.s...
compiling system_LPC17xx.c...
linking...
.\Objects\os_micrium_landtiger.axf: Warning: L6914W: option ropi ignored when using --scatter.
.\Objects\os_micrium_landtiger.axf: Warning: L6914W: option rwpi ignored when using --scatter.
Program Size: Code=26780 RO-data=2312 RW-data=400 ZI-data=32900  
Finished: 0 information, 2 warning and 0 error messages.
".\Objects\os_micrium_landtiger.axf" - 0 Error(s), 73 Warning(s).

<h2>Software Packages used:</h2>

Package Vendor: ARM
                http://www.keil.com/pack/ARM.CMSIS.5.9.0.pack
                ARM.CMSIS.5.9.0
                CMSIS (Common Microcontroller Software Interface Standard)
   * Component: CORE Version: 5.6.0

Package Vendor: Keil
                http://www.keil.com/pack/Keil.LPC1700_DFP.2.7.1.pack
                Keil.LPC1700_DFP.2.7.1
                NXP LPC1700 Series Device Support, Drivers and Examples for MCB1700 and LPC1788-32
   * Component: GPIO Version: 1.1.0
   * Component: PIN Version: 1.0.0
   * Component: Startup Version: 1.0.0

<h2>Collection of Component include folders:</h2>
  ./RTE/Device/LPC1768
  ./RTE/_Target_1
  C:/Users/stefano/AppData/Local/Arm/Packs/ARM/CMSIS/5.9.0/CMSIS/Core/Include
  C:/Users/stefano/AppData/Local/Arm/Packs/Keil/LPC1700_DFP/2.7.1/Device/Include
  C:/Users/stefano/AppData/Local/Arm/Packs/Keil/LPC1700_DFP/2.7.1/RTE_Driver

<h2>Collection of Component Files used:</h2>

   * Component: ARM::CMSIS:CORE:5.6.0

   * Component: Keil::Device:GPIO:1.1.0
      Source file:   RTE_Driver/GPIO_LPC17xx.c
      Include file:  RTE_Driver/GPIO_LPC17xx.h

   * Component: Keil::Device:PIN:1.0.0
      Source file:   RTE_Driver/PIN_LPC17xx.c
      Include file:  RTE_Driver/PIN_LPC17xx.h

   * Component: Keil::Device:Startup:1.0.0
      Source file:   Device/Source/ARM/startup_LPC17xx.s
      Include file:  Device/Include/LPC17xx.h
      Include file:  RTE_Driver/Config/RTE_Device.h
      Source file:   Device/Source/system_LPC17xx.c
Build Time Elapsed:  00:00:09
</pre>
</body>
</html>
