Component: ARM Compiler 5.06 update 7 (build 960) Tool: armlink [4d3601]

==============================================================================

Section Cross References

    main.o(i.APP_TSK) refers to bsp_os.o(i.BSP_OS_TickEnable) for BSP_OS_TickEnable
    main.o(i.APP_TSK) refers to lib_led.o(i.LED_init) for LED_init
    main.o(i.APP_TSK) refers to glcd_1.o(i.LCD_Initialization) for LCD_Initialization
    main.o(i.APP_TSK) refers to lib_adc.o(i.ADC_init) for ADC_init
    main.o(i.APP_TSK) refers to lib_joystick.o(i.joystick_init) for joystick_init
    main.o(i.APP_TSK) refers to lib_button.o(i.BUTTON_init) for BUTTON_init
    main.o(i.APP_TSK) refers to glcd_1.o(i.LCD_Clear) for LCD_Clear
    main.o(i.APP_TSK) refers to glcd_1.o(i.LCD_DrawLine) for LCD_DrawLine
    main.o(i.APP_TSK) refers to glcd_1.o(i.PutChar) for PutChar
    main.o(i.APP_TSK) refers to glcd_1.o(i.GUI_Text) for GUI_Text
    main.o(i.APP_TSK) refers to lib_adc.o(i.ADC_start_conversion) for ADC_start_conversion
    main.o(i.APP_TSK) refers to os_time.o(i.OSTimeDlyHMSM) for OSTimeDlyHMSM
    main.o(i.APP_TSK) refers to main.o(i.tostring) for tostring
    main.o(i.APP_TSK) refers to main.o(.data) for AD_current
    main.o(i.main) refers to system_lpc17xx.o(i.SystemInit) for SystemInit
    main.o(i.main) refers to bsp_os.o(i.BSP_IntInit) for BSP_IntInit
    main.o(i.main) refers to bsp.o(i.BSP_Start) for BSP_Start
    main.o(i.main) refers to cpu_a.o(.text) for CPU_IntDis
    main.o(i.main) refers to cpu_core.o(i.CPU_Init) for CPU_Init
    main.o(i.main) refers to lib_mem.o(i.Mem_Init) for Mem_Init
    main.o(i.main) refers to os_core.o(i.OSInit) for OSInit
    main.o(i.main) refers to os_task.o(i.OSTaskCreate) for OSTaskCreate
    main.o(i.main) refers to os_core.o(i.OSStart) for OSStart
    main.o(i.main) refers to main.o(.bss) for APP_TSK_STACK
    main.o(i.main) refers to main.o(i.APP_TSK) for APP_TSK
    bsp.o(i.BSP_Start) refers to csp_pm.o(i.CSP_PM_CPU_ClkFreqGet) for CSP_PM_CPU_ClkFreqGet
    bsp.o(i.BSP_Start) refers to os_cpu_c.o(i.OS_CPU_SysTickInit) for OS_CPU_SysTickInit
    bsp.o(i.BSP_Start) refers to os_cfg_app.o(.constdata) for OSCfg_TickRate_Hz
    bsp.o(i.CPU_TS32_to_uSec) refers to cpu_core.o(i.CPU_TS_TmrFreqGet) for CPU_TS_TmrFreqGet
    bsp.o(i.CPU_TS32_to_uSec) refers to lludivv7m.o(.text) for __aeabi_uldivmod
    bsp.o(i.CPU_TS_TmrInit) refers to csp_pm.o(i.CSP_PM_CPU_ClkFreqGet) for CSP_PM_CPU_ClkFreqGet
    bsp.o(i.CPU_TS_TmrInit) refers to cpu_core.o(i.CPU_TS_TmrFreqSet) for CPU_TS_TmrFreqSet
    bsp.o(i.change_frequency) refers to fflt_clz.o(x$fpl$ffltu) for __aeabi_ui2f
    bsp.o(i.change_frequency) refers to fflt_clz.o(x$fpl$fflt) for __aeabi_i2f
    bsp.o(i.change_frequency) refers to fmul.o(x$fpl$fmul) for __aeabi_fmul
    bsp.o(i.change_frequency) refers to fdiv.o(x$fpl$fdiv) for __aeabi_fdiv
    bsp.o(i.change_frequency) refers to ffixu.o(x$fpl$ffixu) for __aeabi_f2uiz
    bsp.o(i.change_frequency) refers to bsp.o(i.update_dutycycle) for update_dutycycle
    bsp.o(i.get_dutycycle) refers to fflt_clz.o(x$fpl$ffltu) for __aeabi_ui2f
    bsp.o(i.get_dutycycle) refers to fdiv.o(x$fpl$fdiv) for __aeabi_fdiv
    bsp.o(i.get_dutycycle) refers to ffix.o(x$fpl$ffix) for __aeabi_f2iz
    bsp.o(i.get_frequency) refers to fflt_clz.o(x$fpl$ffltu) for __aeabi_ui2f
    bsp.o(i.get_frequency) refers to fdiv.o(x$fpl$fdiv) for __aeabi_fdiv
    bsp.o(i.get_frequency) refers to ffix.o(x$fpl$ffix) for __aeabi_f2iz
    bsp.o(i.update_dutycycle) refers to fflt_clz.o(x$fpl$ffltu) for __aeabi_ui2f
    bsp.o(i.update_dutycycle) refers to fmul.o(x$fpl$fmul) for __aeabi_fmul
    bsp.o(i.update_dutycycle) refers to ffix.o(x$fpl$ffix) for __aeabi_f2iz
    bsp_os.o(i.BSP_IntDisable) refers to cpu_c.o(i.CPU_IntSrcDis) for CPU_IntSrcDis
    bsp_os.o(i.BSP_IntEnable) refers to cpu_c.o(i.CPU_IntSrcEn) for CPU_IntSrcEn
    bsp_os.o(i.BSP_IntInit) refers to cpu_a.o(.text) for CPU_SR_Save
    bsp_os.o(i.BSP_IntInit) refers to bsp_os.o(.bss) for VectorTbl_RAM
    bsp_os.o(i.BSP_IntVectSet) refers to bsp_os.o(.bss) for VectorTbl_RAM
    bsp_os.o(i.BSP_OS_SemCreate) refers to os_sem.o(i.OSSemCreate) for OSSemCreate
    bsp_os.o(i.BSP_OS_SemPost) refers to os_sem.o(i.OSSemPost) for OSSemPost
    bsp_os.o(i.BSP_OS_SemWait) refers to os_sem.o(i.OSSemPend) for OSSemPend
    bsp_os.o(i.BSP_OS_SemWait) refers to os_cfg_app.o(.constdata) for OSCfg_TickRate_Hz
    bsp_os.o(i.BSP_OS_TimeDlyMs) refers to os_time.o(i.OSTimeDlyHMSM) for OSTimeDlyHMSM
    cpu_c.o(i.CPU_IntSrcDis) refers to cpu_a.o(.text) for CPU_SR_Save
    cpu_c.o(i.CPU_IntSrcEn) refers to cpu_a.o(.text) for CPU_SR_Save
    cpu_c.o(i.CPU_IntSrcPendClr) refers to cpu_a.o(.text) for CPU_SR_Save
    cpu_c.o(i.CPU_IntSrcPrioGet) refers to cpu_a.o(.text) for CPU_SR_Save
    cpu_c.o(i.CPU_IntSrcPrioSet) refers to cpu_a.o(.text) for CPU_RevBits
[...]
    Software\uCOS-III\Source\os_msg.c        0x00000000   Number         0  os_msg.o ABSOLUTE
    Software\uCOS-III\Source\os_mutex.c      0x00000000   Number         0  os_mutex.o ABSOLUTE
    Software\uCOS-III\Source\os_pend_multi.c 0x00000000   Number         0  os_pend_multi.o ABSOLUTE
    Software\uCOS-III\Source\os_prio.c       0x00000000   Number         0  os_prio.o ABSOLUTE
    Software\uCOS-III\Source\os_q.c          0x00000000   Number         0  os_q.o ABSOLUTE
    Software\uCOS-III\Source\os_sem.c        0x00000000   Number         0  os_sem.o ABSOLUTE
    Software\uCOS-III\Source\os_stat.c       0x00000000   Number         0  os_stat.o ABSOLUTE
    Software\uCOS-III\Source\os_task.c       0x00000000   Number         0  os_task.o ABSOLUTE
    Software\uCOS-III\Source\os_tick.c       0x00000000   Number         0  os_tick.o ABSOLUTE
    Software\uCOS-III\Source\os_time.c       0x00000000   Number         0  os_time.o ABSOLUTE
    Software\uCOS-III\Source\os_tmr.c        0x00000000   Number         0  os_tmr.o ABSOLUTE
    Software\uCOS-III\Source\os_var.c        0x00000000   Number         0  os_var.o ABSOLUTE
    Software\user\BSP\bsp.c                  0x00000000   Number         0  bsp.o ABSOLUTE
    Software\user\BSP\bsp_os.c               0x00000000   Number         0  bsp_os.o ABSOLUTE
    Software\user\configuration_os\app_hooks.c 0x00000000   Number         0  app_hooks.o ABSOLUTE
    Software\user\configuration_os\os_app_hooks.c 0x00000000   Number         0  os_app_hooks.o ABSOLUTE
    dc.s                                     0x00000000   Number         0  dc.o ABSOLUTE
    main.c                                   0x00000000   Number         0  main.o ABSOLUTE
    main.c                                   0x00000000   Number         0  main.o ABSOLUTE
    !!!main                                  0x000000cc   Section        8  __main.o(!!!main)
    !!!scatter                               0x000000d4   Section       52  __scatter.o(!!!scatter)
    !!dczerorl2                              0x00000108   Section       90  __dczerorl2.o(!!dczerorl2)
    !!handler_zi                             0x00000164   Section       28  __scatter_zi.o(!!handler_zi)
    .ARM.Collect$$libinit$$00000000          0x00000180   Section        2  libinit.o(.ARM.Collect$$libinit$$00000000)
    .ARM.Collect$$libinit$$00000002          0x00000182   Section        0  libinit2.o(.ARM.Collect$$libinit$$00000002)
    .ARM.Collect$$libinit$$00000004          0x00000182   Section        0  libinit2.o(.ARM.Collect$$libinit$$00000004)
    .ARM.Collect$$libinit$$0000000A          0x00000182   Section        0  libinit2.o(.ARM.Collect$$libinit$$0000000A)
    .ARM.Collect$$libinit$$0000000C          0x00000182   Section        0  libinit2.o(.ARM.Collect$$libinit$$0000000C)
    .ARM.Collect$$libinit$$0000000E          0x00000182   Section        0  libinit2.o(.ARM.Collect$$libinit$$0000000E)
    .ARM.Collect$$libinit$$00000011          0x00000182   Section        0  libinit2.o(.ARM.Collect$$libinit$$00000011)
    .ARM.Collect$$libinit$$00000013          0x00000182   Section        0  libinit2.o(.ARM.Collect$$libinit$$00000013)
    .ARM.Collect$$libinit$$00000015          0x00000182   Section        0  libinit2.o(.ARM.Collect$$libinit$$00000015)
    .ARM.Collect$$libinit$$00000017          0x00000182   Section        0  libinit2.o(.ARM.Collect$$libinit$$00000017)
    .ARM.Collect$$libinit$$00000019          0x00000182   Section        0  libinit2.o(.ARM.Collect$$libinit$$00000019)
    .ARM.Collect$$libinit$$0000001B          0x00000182   Section        0  libinit2.o(.ARM.Collect$$libinit$$0000001B)
    .ARM.Collect$$libinit$$0000001D          0x00000182   Section        0  libinit2.o(.ARM.Collect$$libinit$$0000001D)
    .ARM.Collect$$libinit$$0000001F          0x00000182   Section        0  libinit2.o(.ARM.Collect$$libinit$$0000001F)
    .ARM.Collect$$libinit$$00000021          0x00000182   Section        0  libinit2.o(.ARM.Collect$$libinit$$00000021)
    .ARM.Collect$$libinit$$00000023          0x00000182   Section        0  libinit2.o(.ARM.Collect$$libinit$$00000023)
    .ARM.Collect$$libinit$$00000025          0x00000182   Section        0  libinit2.o(.ARM.Collect$$libinit$$00000025)
    .ARM.Collect$$libinit$$0000002C          0x00000182   Section        0  libinit2.o(.ARM.Collect$$libinit$$0000002C)
    .ARM.Collect$$libinit$$0000002E          0x00000182   Section        0  libinit2.o(.ARM.Collect$$libinit$$0000002E)
    .ARM.Collect$$libinit$$00000030          0x00000182   Section        0  libinit2.o(.ARM.Collect$$libinit$$00000030)
    .ARM.Collect$$libinit$$00000032          0x00000182   Section        0  libinit2.o(.ARM.Collect$$libinit$$00000032)
    .ARM.Collect$$libinit$$00000033          0x00000182   Section        2  libinit2.o(.ARM.Collect$$libinit$$00000033)
    .ARM.Collect$$libshutdown$$00000000      0x00000184   Section        2  libshutdown.o(.ARM.Collect$$libshutdown$$00000000)
    .ARM.Collect$$libshutdown$$00000002      0x00000186   Section        0  libshutdown2.o(.ARM.Collect$$libshutdown$$00000002)
    .ARM.Collect$$libshutdown$$00000004      0x00000186   Section        0  libshutdown2.o(.ARM.Collect$$libshutdown$$00000004)
    .ARM.Collect$$libshutdown$$00000006      0x00000186   Section        0  libshutdown2.o(.ARM.Collect$$libshutdown$$00000006)
    .ARM.Collect$$libshutdown$$00000009      0x00000186   Section        0  libshutdown2.o(.ARM.Collect$$libshutdown$$00000009)
    .ARM.Collect$$libshutdown$$0000000C      0x00000186   Section        0  libshutdown2.o(.ARM.Collect$$libshutdown$$0000000C)
    .ARM.Collect$$libshutdown$$0000000E      0x00000186   Section        0  libshutdown2.o(.ARM.Collect$$libshutdown$$0000000E)
    .ARM.Collect$$libshutdown$$00000011      0x00000186   Section        0  libshutdown2.o(.ARM.Collect$$libshutdown$$00000011)
    .ARM.Collect$$libshutdown$$00000012      0x00000186   Section        2  libshutdown2.o(.ARM.Collect$$libshutdown$$00000012)
    .ARM.Collect$$rtentry$$00000000          0x00000188   Section        0  __rtentry.o(.ARM.Collect$$rtentry$$00000000)
    .ARM.Collect$$rtentry$$00000002          0x00000188   Section        0  __rtentry2.o(.ARM.Collect$$rtentry$$00000002)
    .ARM.Collect$$rtentry$$00000004          0x00000188   Section        6  __rtentry4.o(.ARM.Collect$$rtentry$$00000004)
    .ARM.Collect$$rtentry$$00000009          0x0000018e   Section        0  __rtentry2.o(.ARM.Collect$$rtentry$$00000009)
    .ARM.Collect$$rtentry$$0000000A          0x0000018e   Section        4  __rtentry2.o(.ARM.Collect$$rtentry$$0000000A)
    .ARM.Collect$$rtentry$$0000000C          0x00000192   Section        0  __rtentry2.o(.ARM.Collect$$rtentry$$0000000C)
    .ARM.Collect$$rtentry$$0000000D          0x00000192   Section        8  __rtentry2.o(.ARM.Collect$$rtentry$$0000000D)
    .ARM.Collect$$rtexit$$00000000           0x0000019a   Section        2  rtexit.o(.ARM.Collect$$rtexit$$00000000)
    .ARM.Collect$$rtexit$$00000002           0x0000019c   Section        0  rtexit2.o(.ARM.Collect$$rtexit$$00000002)
    .ARM.Collect$$rtexit$$00000003           0x0000019c   Section        4  rtexit2.o(.ARM.Collect$$rtexit$$00000003)
    .ARM.Collect$$rtexit$$00000004           0x000001a0   Section        6  rtexit2.o(.ARM.Collect$$rtexit$$00000004)
    .text                                    0x000001a8   Section       52  cpu_a.o(.text)
    .text                                    0x000001dc   Section      132  os_cpu_a.o(.text)
    .text                                    0x00000260   Section       76  startup_lpc17xx.o(.text)
    .text                                    0x000002ac   Section        0  heapauxi.o(.text)
    .text                                    0x000002b2   Section       74  sys_stackheap_outer.o(.text)
    .ARM.__at_0x02FC                         0x000002fc   Section        4  startup_lpc17xx.o(.ARM.__at_0x02FC)
    .text                                    0x00000300   Section      138  rt_memcpy_v6.o(.text)
    .text                                    0x0000038a   Section      100  rt_memcpy_w.o(.text)
    .text                                    0x000003ee   Section        0  exit.o(.text)
    .text                                    0x00000400   Section        8  libspace.o(.text)
    .text                                    0x00000408   Section        0  sys_exit.o(.text)
    .text                                    0x00000414   Section        2  use_no_semi.o(.text)
    .text                                    0x00000416   Section        0  indicate_semi.o(.text)
    i.ADC_IRQHandler                         0x00000418   Section        0  irq_adc.o(i.ADC_IRQHandler)
    i.ADC_init                               0x00000460   Section        0  lib_adc.o(i.ADC_init)
    i.ADC_start_conversion                   0x000004e4   Section        0  lib_adc.o(i.ADC_start_conversion)
    i.APP_TSK                                0x000004f8   Section        0  main.o(i.APP_TSK)
    APP_TSK                                  0x000004f9   Thumb Code   506  main.o(i.APP_TSK)
    i.BSP_IntInit                            0x00000760   Section        0  bsp_os.o(i.BSP_IntInit)
    i.BSP_OS_TickEnable                      0x000007ac   Section        0  bsp_os.o(i.BSP_OS_TickEnable)
    i.BSP_Start                              0x000007c0   Section        0  bsp.o(i.BSP_Start)
    i.BUTTON_init                            0x000007dc   Section        0  lib_button.o(i.BUTTON_init)
    i.CPU_Init                               0x00000864   Section        0  cpu_core.o(i.CPU_Init)
    i.CPU_NameClr                            0x00000870   Section        0  cpu_core.o(i.CPU_NameClr)
    i.CPU_NameInit                           0x000008a0   Section        0  cpu_core.o(i.CPU_NameInit)
    CPU_NameInit                             0x000008a1   Thumb Code     8  cpu_core.o(i.CPU_NameInit)
    i.CPU_TS_Init                            0x000008a8   Section        0  cpu_core.o(i.CPU_TS_Init)
    CPU_TS_Init                              0x000008a9   Thumb Code    14  cpu_core.o(i.CPU_TS_Init)
    i.CPU_TS_TmrFreqSet                      0x000008bc   Section        0  cpu_core.o(i.CPU_TS_TmrFreqSet)
    i.CPU_TS_TmrInit                         0x000008c8   Section        0  bsp.o(i.CPU_TS_TmrInit)
    i.CPU_TS_TmrRd                           0x000008f8   Section        0  bsp.o(i.CPU_TS_TmrRd)
    i.CSP_PM_CPU_ClkFreqGet                  0x00000904   Section        0  csp_pm.o(i.CSP_PM_CPU_ClkFreqGet)
    i.EINT0_IRQHandler                       0x0000098c   Section        0  irq_button.o(i.EINT0_IRQHandler)
    i.EINT1_IRQHandler                       0x000009d8   Section        0  irq_button.o(i.EINT1_IRQHandler)
    i.EINT2_IRQHandler                       0x00000a24   Section        0  irq_button.o(i.EINT2_IRQHandler)
    i.GUI_Text                               0x00000a70   Section        0  glcd_1.o(i.GUI_Text)
    i.GetASCIICode                           0x00000ac0   Section        0  asciilib_1.o(i.GetASCIICode)
    i.LCD_Clear                              0x00000ae0   Section        0  glcd_1.o(i.LCD_Clear)
    i.LCD_Configuration                      0x000010d0   Section        0  glcd_1.o(i.LCD_Configuration)
    LCD_Configuration                        0x000010d1   Thumb Code    20  glcd_1.o(i.LCD_Configuration)
    i.LCD_DrawLine                           0x000010e8   Section        0  glcd_1.o(i.LCD_DrawLine)
    i.LCD_Initialization                     0x000011e4   Section        0  glcd_1.o(i.LCD_Initialization)
    i.LCD_SetCursor                          0x000040dc   Section        0  glcd_1.o(i.LCD_SetCursor)
    LCD_SetCursor                            0x000040dd   Thumb Code  1356  glcd_1.o(i.LCD_SetCursor)
    i.LCD_SetPoint                           0x0000462c   Section        0  glcd_1.o(i.LCD_SetPoint)
    i.LED_init                               0x00004700   Section        0  lib_led.o(i.LED_init)
    i.Mem_Clr                                0x00004730   Section        0  lib_mem.o(i.Mem_Clr)
    i.Mem_Init                               0x00004744   Section        0  lib_mem.o(i.Mem_Init)
    i.Mem_Set                                0x0000478c   Section        0  lib_mem.o(i.Mem_Set)
    i.OSCfg_Init                             0x000047ee   Section        0  os_cfg_app.o(i.OSCfg_Init)
    i.OSIdleTaskHook                         0x000047f0   Section        0  os_cpu_c.o(i.OSIdleTaskHook)
    i.OSInit                                 0x000047f4   Section        0  os_core.o(i.OSInit)
    i.OSInitHook                             0x000048f4   Section        0  os_cpu_c.o(i.OSInitHook)
    i.OSIntExit                              0x0000492c   Section        0  os_core.o(i.OSIntExit)
    i.OSSched                                0x00004a10   Section        0  os_core.o(i.OSSched)
    i.OSStart                                0x00004ab8   Section        0  os_core.o(i.OSStart)
    i.OSTaskCreate                           0x00004b20   Section        0  os_task.o(i.OSTaskCreate)
    i.OSTaskCreateHook                       0x00004c88   Section        0  os_cpu_c.o(i.OSTaskCreateHook)
    i.OSTaskReturnHook                       0x00004c8a   Section        0  os_cpu_c.o(i.OSTaskReturnHook)
    i.OSTaskSemPend                          0x00004c8c   Section        0  os_task.o(i.OSTaskSemPend)
    i.OSTaskSemPost                          0x00004e50   Section        0  os_task.o(i.OSTaskSemPost)
    i.OSTaskStkInit                          0x00004e74   Section        0  os_cpu_c.o(i.OSTaskStkInit)
    i.OSTaskSwHook                           0x00004f34   Section        0  os_cpu_c.o(i.OSTaskSwHook)
    i.OSTimeDly                              0x00004f88   Section        0  os_time.o(i.OSTimeDly)
    i.OSTimeDlyHMSM                          0x0000504c   Section        0  os_time.o(i.OSTimeDlyHMSM)
    i.OSTimeTick                             0x00005170   Section        0  os_time.o(i.OSTimeTick)
    i.OSTimeTickHook                         0x000051a0   Section        0  os_cpu_c.o(i.OSTimeTickHook)
    i.OS_CPU_SysTickHandler                  0x000051a4   Section        0  os_cpu_c.o(i.OS_CPU_SysTickHandler)
    i.OS_CPU_SysTickInit                     0x000051dc   Section        0  os_cpu_c.o(i.OS_CPU_SysTickInit)
    i.OS_Dbg_Init                            0x0000520c   Section        0  os_dbg.o(i.OS_Dbg_Init)
    i.OS_FlagInit                            0x0000537c   Section        0  os_flag.o(i.OS_FlagInit)
    i.OS_IdleTask                            0x00005394   Section        0  os_core.o(i.OS_IdleTask)
    i.OS_IdleTaskInit                        0x000053cc   Section        0  os_core.o(i.OS_IdleTaskInit)
    i.OS_MemInit                             0x0000543c   Section        0  os_mem.o(i.OS_MemInit)
    i.OS_MsgPoolInit                         0x00005454   Section        0  os_msg.o(i.OS_MsgPoolInit)
    i.OS_MsgQInit                            0x000054b0   Section        0  os_msg.o(i.OS_MsgQInit)
    i.OS_Pend                                0x000054c0   Section        0  os_core.o(i.OS_Pend)
    i.OS_PendDataInit                        0x00005528   Section        0  os_core.o(i.OS_PendDataInit)
    i.OS_PendDbgNameAdd                      0x00005550   Section        0  os_core.o(i.OS_PendDbgNameAdd)
    i.OS_PendDbgNameRemove                   0x000055ac   Section        0  os_core.o(i.OS_PendDbgNameRemove)
    i.OS_PendListInsertPrio                  0x000055d0   Section        0  os_core.o(i.OS_PendListInsertPrio)
    i.OS_PendListRemove                      0x00005636   Section        0  os_core.o(i.OS_PendListRemove)
    i.OS_PendListRemove1                     0x00005666   Section        0  os_core.o(i.OS_PendListRemove1)
    i.OS_Post                                0x000056a8   Section        0  os_core.o(i.OS_Post)
    i.OS_Post1                               0x00005768   Section        0  os_core.o(i.OS_Post1)
    i.OS_PrioGetHighest                      0x00005794   Section        0  os_prio.o(i.OS_PrioGetHighest)
    i.OS_PrioInit                            0x000057bc   Section        0  os_prio.o(i.OS_PrioInit)
    i.OS_PrioInsert                          0x000057d4   Section        0  os_prio.o(i.OS_PrioInsert)
    i.OS_PrioRemove                          0x000057f8   Section        0  os_prio.o(i.OS_PrioRemove)
    i.OS_RdyListInit                         0x0000581c   Section        0  os_core.o(i.OS_RdyListInit)
    i.OS_RdyListInsert                       0x00005840   Section        0  os_core.o(i.OS_RdyListInsert)
    i.OS_RdyListInsertHead                   0x0000586c   Section        0  os_core.o(i.OS_RdyListInsertHead)
    i.OS_RdyListInsertTail                   0x000058ac   Section        0  os_core.o(i.OS_RdyListInsertTail)
    i.OS_RdyListMoveHeadToTail               0x000058e8   Section        0  os_core.o(i.OS_RdyListMoveHeadToTail)
    i.OS_RdyListRemove                       0x0000592c   Section        0  os_core.o(i.OS_RdyListRemove)
    i.OS_SchedRoundRobin                     0x00005988   Section        0  os_core.o(i.OS_SchedRoundRobin)
    i.OS_SemInit                             0x00005a58   Section        0  os_sem.o(i.OS_SemInit)
    i.OS_TaskBlock                           0x00005a70   Section        0  os_core.o(i.OS_TaskBlock)
    i.OS_TaskDbgListAdd                      0x00005aa8   Section        0  os_task.o(i.OS_TaskDbgListAdd)
    i.OS_TaskInit                            0x00005ad8   Section        0  os_task.o(i.OS_TaskInit)
    i.OS_TaskInitTCB                         0x00005af8   Section        0  os_task.o(i.OS_TaskInitTCB)
    i.OS_TaskRdy                             0x00005bb8   Section        0  os_core.o(i.OS_TaskRdy)
    i.OS_TaskReturn                          0x00005bd4   Section        0  os_task.o(i.OS_TaskReturn)
    i.OS_TaskSemPost                         0x00005bf8   Section        0  os_task.o(i.OS_TaskSemPost)
    i.OS_TickListInit                        0x00005dbc   Section        0  os_tick.o(i.OS_TickListInit)
    i.OS_TickListInsert                      0x00005de4   Section        0  os_tick.o(i.OS_TickListInsert)
    i.OS_TickListRemove                      0x00005fa0   Section        0  os_tick.o(i.OS_TickListRemove)
    i.OS_TickListUpdate                      0x00005fd8   Section        0  os_tick.o(i.OS_TickListUpdate)
    i.OS_TickTask                            0x00006160   Section        0  os_tick.o(i.OS_TickTask)
    i.OS_TickTaskInit                        0x0000618c   Section        0  os_tick.o(i.OS_TickTaskInit)
    i.PutChar                                0x00006244   Section        0  glcd_1.o(i.PutChar)
    i.SystemInit                             0x000062a8   Section        0  system_lpc17xx.o(i.SystemInit)
    i.TIMER0_IRQHandler                      0x000063e8   Section        0  irq_timer.o(i.TIMER0_IRQHandler)
    i.TIMER1_IRQHandler                      0x0000642c   Section        0  irq_timer.o(i.TIMER1_IRQHandler)
    i.TIMER2_IRQHandler                      0x00006438   Section        0  irq_timer.o(i.TIMER2_IRQHandler)
    i.TIMER3_IRQHandler                      0x00006444   Section        0  irq_timer.o(i.TIMER3_IRQHandler)
    i.__NVIC_DisableIRQ                      0x00006458   Section        0  irq_button.o(i.__NVIC_DisableIRQ)
    __NVIC_DisableIRQ                        0x00006459   Thumb Code    30  irq_button.o(i.__NVIC_DisableIRQ)
    i.__NVIC_EnableIRQ                       0x0000647c   Section        0  irq_button.o(i.__NVIC_EnableIRQ)
    __NVIC_EnableIRQ                         0x0000647d   Thumb Code    34  irq_button.o(i.__NVIC_EnableIRQ)
    i.__NVIC_EnableIRQ                       0x0000649e   Section        0  lib_button.o(i.__NVIC_EnableIRQ)
    __NVIC_EnableIRQ                         0x0000649f   Thumb Code    34  lib_button.o(i.__NVIC_EnableIRQ)
    i.__NVIC_SetPriority                     0x000064c0   Section        0  lib_button.o(i.__NVIC_SetPriority)
    __NVIC_SetPriority                       0x000064c1   Thumb Code    32  lib_button.o(i.__NVIC_SetPriority)
    i.delay_ms                               0x000064e8   Section        0  glcd_1.o(i.delay_ms)
    delay_ms                                 0x000064e9   Thumb Code    30  glcd_1.o(i.delay_ms)
    i.enable_timer                           0x00006508   Section        0  lib_timer.o(i.enable_timer)
    i.joystick_init                          0x00006544   Section        0  lib_joystick.o(i.joystick_init)
    i.main                                   0x000065c8   Section        0  main.o(i.main)
    i.tostring                               0x00006638   Section        0  main.o(i.tostring)
    tostring                                 0x00006639   Thumb Code    80  main.o(i.tostring)
    i.wait_delay                             0x00006688   Section        0  glcd_1.o(i.wait_delay)
    wait_delay                               0x00006689   Thumb Code    12  glcd_1.o(i.wait_delay)
    .constdata                               0x00006694   Section      164  os_cfg_app.o(.constdata)
    .constdata                               0x00006738   Section      364  os_dbg.o(.constdata)
    .constdata                               0x000068a4   Section     1520  asciilib_1.o(.constdata)
    AsciiLib                                 0x000068a4   Data        1520  asciilib_1.o(.constdata)
    .bss                                     0x10000000   Section    15432  lib_mem.o(.bss)
    .data                                    0x2007c000   Section       18  main.o(.data)
    .data                                    0x2007c014   Section        4  cpu_core.o(.data)
    .data                                    0x2007c018   Section        4  lib_mem.o(.data)
    .data                                    0x2007c01c   Section        8  os_prio.o(.data)
    .data                                    0x2007c024   Section       72  os_var.o(.data)
    .data                                    0x2007c06c   Section        4  os_cpu_c.o(.data)
    .data                                    0x2007c070   Section        1  glcd_1.o(.data)
    LCD_Code                                 0x2007c070   Data           1  glcd_1.o(.data)
    .data                                    0x2007c071   Section        1  lib_led.o(.data)
    .data                                    0x2007c074   Section      232  irq_timer.o(.data)
    ticks                                    0x2007c158   Data           4  irq_timer.o(.data)
    .bss                                     0x2007c15c   Section     2168  main.o(.bss)
    APP_TSK_TCB                              0x2007c15c   Data         184  main.o(.bss)
    GUI_TSK_TCB                              0x2007c214   Data         184  main.o(.bss)
    INPUT_TSK_TCB                            0x2007c2cc   Data         184  main.o(.bss)
    APP_TSK_STACK                            0x2007c384   Data         512  main.o(.bss)
    GUI_TSK_STACK                            0x2007c584   Data         512  main.o(.bss)
    INPUT_TSK_STACK                          0x2007c784   Data         512  main.o(.bss)
    .bss                                     0x2007cc00   Section      192  bsp_os.o(.bss)
    .bss                                     0x2007ccc0   Section       16  cpu_core.o(.bss)
    .bss                                     0x2007ccd0   Section     9376  os_cfg_app.o(.bss)
    .bss                                     0x2007f170   Section     1148  os_var.o(.bss)
    .bss                                     0x2007f5ec   Section       96  libspace.o(.bss)
    HEAP                                     0x2007f650   Section        0  startup_lpc17xx.o(HEAP)
    STACK                                    0x2007f650   Section      512  startup_lpc17xx.o(STACK)
    Heap_Mem                                 0x2007f650   Data           0  startup_lpc17xx.o(HEAP)
    Stack_Mem                                0x2007f650   Data         512  startup_lpc17xx.o(STACK)
    __initial_sp                             0x2007f850   Data           0  startup_lpc17xx.o(STACK)

    Global Symbols

    Symbol Name                              Value     Ov Type        Size  Object(Section)

    BuildAttributes$$THM_ISAv4$P$D$K$B$S$PE$A:L22UL41UL21$X:L11$S22US41US21$IEEE1$IW$USESV6$~STKCKD$USESV7$~SHL$OSPACE$ROPI$EBA8$UX$STANDARDLIB$REQ8$PRES8$EABIv2 0x00000000   Number         0  anon$$obj.o ABSOLUTE
    __ARM_use_no_argv                        0x00000000   Number         0  main.o ABSOLUTE
    __Vectors                                0x00000000   Data           4  startup_lpc17xx.o(RESET)
    __ARM_exceptions_init                     - Undefined Weak Reference
    __alloca_initialize                       - Undefined Weak Reference
    __arm_fini_                               - Undefined Weak Reference
    __arm_preinit_                            - Undefined Weak Reference
    __cpp_initialize__aeabi_                  - Undefined Weak Reference
    __cxa_finalize                            - Undefined Weak Reference
    __rt_locale                               - Undefined Weak Reference
    __sigvec_lookup                           - Undefined Weak Reference
    _atexit_init                              - Undefined Weak Reference
    _call_atexit_fns                          - Undefined Weak Reference
    _clock_init                               - Undefined Weak Reference
    _fp_trap_init                             - Undefined Weak Reference
    _fp_trap_shutdown                         - Undefined Weak Reference
    _get_lc_collate                           - Undefined Weak Reference
    _get_lc_ctype                             - Undefined Weak Reference
    _get_lc_monetary                          - Undefined Weak Reference
    _get_lc_numeric                           - Undefined Weak Reference
    _get_lc_time                              - Undefined Weak Reference
    _getenv_init                              - Undefined Weak Reference
    _handle_redirection                       - Undefined Weak Reference
    _init_alloc                               - Undefined Weak Reference
    _init_user_alloc                          - Undefined Weak Reference
    _initio                                   - Undefined Weak Reference
    _rand_init                                - Undefined Weak Reference
    _signal_finish                            - Undefined Weak Reference
    _signal_init                              - Undefined Weak Reference
    _terminate_alloc                          - Undefined Weak Reference
    _terminate_user_alloc                     - Undefined Weak Reference
    _terminateio                              - Undefined Weak Reference
    __main                                   0x000000cd   Thumb Code     8  __main.o(!!!main)
    __scatterload                            0x000000d5   Thumb Code     0  __scatter.o(!!!scatter)
    __scatterload_rt2                        0x000000d5   Thumb Code    44  __scatter.o(!!!scatter)
    __scatterload_rt2_thumb_only             0x000000d5   Thumb Code     0  __scatter.o(!!!scatter)
    __scatterload_null                       0x000000e3   Thumb Code     0  __scatter.o(!!!scatter)
    __decompress                             0x00000109   Thumb Code    90  __dczerorl2.o(!!dczerorl2)
    __decompress1                            0x00000109   Thumb Code     0  __dczerorl2.o(!!dczerorl2)
    __scatterload_zeroinit                   0x00000165   Thumb Code    28  __scatter_zi.o(!!handler_zi)
    __rt_lib_init                            0x00000181   Thumb Code     0  libinit.o(.ARM.Collect$$libinit$$00000000)
    __rt_lib_init_alloca_1                   0x00000183   Thumb Code     0  libinit2.o(.ARM.Collect$$libinit$$0000002E)
    __rt_lib_init_argv_1                     0x00000183   Thumb Code     0  libinit2.o(.ARM.Collect$$libinit$$0000002C)
    __rt_lib_init_atexit_1                   0x00000183   Thumb Code     0  libinit2.o(.ARM.Collect$$libinit$$0000001B)
    __rt_lib_init_clock_1                    0x00000183   Thumb Code     0  libinit2.o(.ARM.Collect$$libinit$$00000021)
    __rt_lib_init_cpp_1                      0x00000183   Thumb Code     0  libinit2.o(.ARM.Collect$$libinit$$00000032)
    __rt_lib_init_exceptions_1               0x00000183   Thumb Code     0  libinit2.o(.ARM.Collect$$libinit$$00000030)
    __rt_lib_init_fp_1                       0x00000183   Thumb Code     0  libinit2.o(.ARM.Collect$$libinit$$00000002)
    __rt_lib_init_fp_trap_1                  0x00000183   Thumb Code     0  libinit2.o(.ARM.Collect$$libinit$$0000001F)
    __rt_lib_init_getenv_1                   0x00000183   Thumb Code     0  libinit2.o(.ARM.Collect$$libinit$$00000023)
    __rt_lib_init_heap_1                     0x00000183   Thumb Code     0  libinit2.o(.ARM.Collect$$libinit$$0000000A)
    __rt_lib_init_lc_collate_1               0x00000183   Thumb Code     0  libinit2.o(.ARM.Collect$$libinit$$00000011)
    __rt_lib_init_lc_ctype_1                 0x00000183   Thumb Code     0  libinit2.o(.ARM.Collect$$libinit$$00000013)
    __rt_lib_init_lc_monetary_1              0x00000183   Thumb Code     0  libinit2.o(.ARM.Collect$$libinit$$00000015)
    __rt_lib_init_lc_numeric_1               0x00000183   Thumb Code     0  libinit2.o(.ARM.Collect$$libinit$$00000017)
    __rt_lib_init_lc_time_1                  0x00000183   Thumb Code     0  libinit2.o(.ARM.Collect$$libinit$$00000019)
    __rt_lib_init_preinit_1                  0x00000183   Thumb Code     0  libinit2.o(.ARM.Collect$$libinit$$00000004)
    __rt_lib_init_rand_1                     0x00000183   Thumb Code     0  libinit2.o(.ARM.Collect$$libinit$$0000000E)
    __rt_lib_init_return                     0x00000183   Thumb Code     0  libinit2.o(.ARM.Collect$$libinit$$00000033)
    __rt_lib_init_signal_1                   0x00000183   Thumb Code     0  libinit2.o(.ARM.Collect$$libinit$$0000001D)
    __rt_lib_init_stdio_1                    0x00000183   Thumb Code     0  libinit2.o(.ARM.Collect$$libinit$$00000025)
    __rt_lib_init_user_alloc_1               0x00000183   Thumb Code     0  libinit2.o(.ARM.Collect$$libinit$$0000000C)
    __rt_lib_shutdown                        0x00000185   Thumb Code     0  libshutdown.o(.ARM.Collect$$libshutdown$$00000000)
    __rt_lib_shutdown_cpp_1                  0x00000187   Thumb Code     0  libshutdown2.o(.ARM.Collect$$libshutdown$$00000004)
    __rt_lib_shutdown_fini_1                 0x00000187   Thumb Code     0  libshutdown2.o(.ARM.Collect$$libshutdown$$00000002)
    __rt_lib_shutdown_fp_trap_1              0x00000187   Thumb Code     0  libshutdown2.o(.ARM.Collect$$libshutdown$$00000009)
    __rt_lib_shutdown_heap_1                 0x00000187   Thumb Code     0  libshutdown2.o(.ARM.Collect$$libshutdown$$00000011)
    __rt_lib_shutdown_return                 0x00000187   Thumb Code     0  libshutdown2.o(.ARM.Collect$$libshutdown$$00000012)
    __rt_lib_shutdown_signal_1               0x00000187   Thumb Code     0  libshutdown2.o(.ARM.Collect$$libshutdown$$0000000C)
    __rt_lib_shutdown_stdio_1                0x00000187   Thumb Code     0  libshutdown2.o(.ARM.Collect$$libshutdown$$00000006)
    __rt_lib_shutdown_user_alloc_1           0x00000187   Thumb Code     0  libshutdown2.o(.ARM.Collect$$libshutdown$$0000000E)
    __rt_entry                               0x00000189   Thumb Code     0  __rtentry.o(.ARM.Collect$$rtentry$$00000000)
    __rt_entry_presh_1                       0x00000189   Thumb Code     0  __rtentry2.o(.ARM.Collect$$rtentry$$00000002)
    __rt_entry_sh                            0x00000189   Thumb Code     0  __rtentry4.o(.ARM.Collect$$rtentry$$00000004)
    __rt_entry_li                            0x0000018f   Thumb Code     0  __rtentry2.o(.ARM.Collect$$rtentry$$0000000A)
    __rt_entry_postsh_1                      0x0000018f   Thumb Code     0  __rtentry2.o(.ARM.Collect$$rtentry$$00000009)
    __rt_entry_main                          0x00000193   Thumb Code     0  __rtentry2.o(.ARM.Collect$$rtentry$$0000000D)
    __rt_entry_postli_1                      0x00000193   Thumb Code     0  __rtentry2.o(.ARM.Collect$$rtentry$$0000000C)
    __rt_exit                                0x0000019b   Thumb Code     0  rtexit.o(.ARM.Collect$$rtexit$$00000000)
    __rt_exit_ls                             0x0000019d   Thumb Code     0  rtexit2.o(.ARM.Collect$$rtexit$$00000003)
    __rt_exit_prels_1                        0x0000019d   Thumb Code     0  rtexit2.o(.ARM.Collect$$rtexit$$00000002)
    __rt_exit_exit                           0x000001a1   Thumb Code     0  rtexit2.o(.ARM.Collect$$rtexit$$00000004)
    CPU_IntDis                               0x000001a9   Thumb Code     4  cpu_a.o(.text)
    CPU_IntEn                                0x000001ad   Thumb Code     4  cpu_a.o(.text)
    CPU_SR_Save                              0x000001b1   Thumb Code     8  cpu_a.o(.text)
    CPU_SR_Restore                           0x000001b9   Thumb Code     6  cpu_a.o(.text)
    CPU_WaitForInt                           0x000001bf   Thumb Code     4  cpu_a.o(.text)
    CPU_WaitForExcept                        0x000001c3   Thumb Code     4  cpu_a.o(.text)
    CPU_CntLeadZeros                         0x000001c7   Thumb Code     6  cpu_a.o(.text)
    CPU_CntTrailZeros                        0x000001cd   Thumb Code    10  cpu_a.o(.text)
    CPU_RevBits                              0x000001d7   Thumb Code     6  cpu_a.o(.text)
    OSStartHighRdy                           0x000001dd   Thumb Code    34  os_cpu_a.o(.text)
    OS_CPU_PendSVHandler                     0x000001ff   Thumb Code    20  os_cpu_a.o(.text)
    Reset_Handler                            0x00000261   Thumb Code     4  startup_lpc17xx.o(.text)
    App_NMI_Handler                          0x00000265   Thumb Code     2  startup_lpc17xx.o(.text)
    App_HardFault_Handler                    0x00000267   Thumb Code    18  startup_lpc17xx.o(.text)
    App_MemManage_Handler                    0x00000279   Thumb Code     2  startup_lpc17xx.o(.text)
    App_BusFault_Handler                     0x0000027b   Thumb Code     2  startup_lpc17xx.o(.text)
    App_UsageFault_Handler                   0x0000027d   Thumb Code     2  startup_lpc17xx.o(.text)
    SVC_Handler                              0x0000027f   Thumb Code     2  startup_lpc17xx.o(.text)
    DebugMon_Handler                         0x00000281   Thumb Code     2  startup_lpc17xx.o(.text)
    BOD_IRQHandler                           0x00000287   Thumb Code     0  startup_lpc17xx.o(.text)
    CANActivity_IRQHandler                   0x00000287   Thumb Code     0  startup_lpc17xx.o(.text)
    CAN_IRQHandler                           0x00000287   Thumb Code     0  startup_lpc17xx.o(.text)
    DMA_IRQHandler                           0x00000287   Thumb Code     0  startup_lpc17xx.o(.text)
    EINT3_IRQHandler                         0x00000287   Thumb Code     0  startup_lpc17xx.o(.text)
    ENET_IRQHandler                          0x00000287   Thumb Code     0  startup_lpc17xx.o(.text)
    I2C0_IRQHandler                          0x00000287   Thumb Code     0  startup_lpc17xx.o(.text)
    I2C1_IRQHandler                          0x00000287   Thumb Code     0  startup_lpc17xx.o(.text)
    I2C2_IRQHandler                          0x00000287   Thumb Code     0  startup_lpc17xx.o(.text)
    I2S_IRQHandler                           0x00000287   Thumb Code     0  startup_lpc17xx.o(.text)
    MCPWM_IRQHandler                         0x00000287   Thumb Code     0  startup_lpc17xx.o(.text)
    PLL0_IRQHandler                          0x00000287   Thumb Code     0  startup_lpc17xx.o(.text)
    PLL1_IRQHandler                          0x00000287   Thumb Code     0  startup_lpc17xx.o(.text)
    PWM1_IRQHandler                          0x00000287   Thumb Code     0  startup_lpc17xx.o(.text)
    QEI_IRQHandler                           0x00000287   Thumb Code     0  startup_lpc17xx.o(.text)
    RIT_IRQHandler                           0x00000287   Thumb Code     0  startup_lpc17xx.o(.text)
    RTC_IRQHandler                           0x00000287   Thumb Code     0  startup_lpc17xx.o(.text)
    SPI_IRQHandler                           0x00000287   Thumb Code     0  startup_lpc17xx.o(.text)
    SSP0_IRQHandler                          0x00000287   Thumb Code     0  startup_lpc17xx.o(.text)
    SSP1_IRQHandler                          0x00000287   Thumb Code     0  startup_lpc17xx.o(.text)
    UART0_IRQHandler                         0x00000287   Thumb Code     0  startup_lpc17xx.o(.text)
    UART1_IRQHandler                         0x00000287   Thumb Code     0  startup_lpc17xx.o(.text)
    UART2_IRQHandler                         0x00000287   Thumb Code     0  startup_lpc17xx.o(.text)
    UART3_IRQHandler                         0x00000287   Thumb Code     0  startup_lpc17xx.o(.text)
    USBActivity_IRQHandler                   0x00000287   Thumb Code     0  startup_lpc17xx.o(.text)
    USB_IRQHandler                           0x00000287   Thumb Code     0  startup_lpc17xx.o(.text)
    WDT_IRQHandler                           0x00000287   Thumb Code     0  startup_lpc17xx.o(.text)
    __user_initial_stackheap                 0x00000289   Thumb Code     0  startup_lpc17xx.o(.text)
    __use_two_region_memory                  0x000002ad   Thumb Code     2  heapauxi.o(.text)
    __rt_heap_escrow$2region                 0x000002af   Thumb Code     2  heapauxi.o(.text)
    __rt_heap_expand$2region                 0x000002b1   Thumb Code     2  heapauxi.o(.text)
    __user_setup_stackheap                   0x000002b3   Thumb Code    74  sys_stackheap_outer.o(.text)
    __aeabi_memcpy                           0x00000301   Thumb Code     0  rt_memcpy_v6.o(.text)
    __rt_memcpy                              0x00000301   Thumb Code   138  rt_memcpy_v6.o(.text)
    _memcpy_lastbytes                        0x00000367   Thumb Code     0  rt_memcpy_v6.o(.text)
    __aeabi_memcpy4                          0x0000038b   Thumb Code     0  rt_memcpy_w.o(.text)
    __aeabi_memcpy8                          0x0000038b   Thumb Code     0  rt_memcpy_w.o(.text)
    __rt_memcpy_w                            0x0000038b   Thumb Code   100  rt_memcpy_w.o(.text)
    _memcpy_lastbytes_aligned                0x000003d3   Thumb Code     0  rt_memcpy_w.o(.text)
    exit                                     0x000003ef   Thumb Code    18  exit.o(.text)
    __user_libspace                          0x00000401   Thumb Code     8  libspace.o(.text)
    __user_perproc_libspace                  0x00000401   Thumb Code     0  libspace.o(.text)
    __user_perthread_libspace                0x00000401   Thumb Code     0  libspace.o(.text)
    _sys_exit                                0x00000409   Thumb Code     8  sys_exit.o(.text)
    __I$use$semihosting                      0x00000415   Thumb Code     0  use_no_semi.o(.text)
    __use_no_semihosting_swi                 0x00000415   Thumb Code     2  use_no_semi.o(.text)
    __semihosting_library_function           0x00000417   Thumb Code     0  indicate_semi.o(.text)
    ADC_IRQHandler                           0x00000419   Thumb Code    36  irq_adc.o(i.ADC_IRQHandler)
    ADC_init                                 0x00000461   Thumb Code   110  lib_adc.o(i.ADC_init)
    ADC_start_conversion                     0x000004e5   Thumb Code    14  lib_adc.o(i.ADC_start_conversion)
    BSP_IntInit                              0x00000761   Thumb Code    66  bsp_os.o(i.BSP_IntInit)
    BSP_OS_TickEnable                        0x000007ad   Thumb Code    18  bsp_os.o(i.BSP_OS_TickEnable)
    BSP_Start                                0x000007c1   Thumb Code    24  bsp.o(i.BSP_Start)
    BUTTON_init                              0x000007dd   Thumb Code   124  lib_button.o(i.BUTTON_init)
    CPU_Init                                 0x00000865   Thumb Code    12  cpu_core.o(i.CPU_Init)
    CPU_NameClr                              0x00000871   Thumb Code    42  cpu_core.o(i.CPU_NameClr)
    CPU_TS_TmrFreqSet                        0x000008bd   Thumb Code     6  cpu_core.o(i.CPU_TS_TmrFreqSet)
    CPU_TS_TmrInit                           0x000008c9   Thumb Code    40  bsp.o(i.CPU_TS_TmrInit)
    CPU_TS_TmrRd                             0x000008f9   Thumb Code     6  bsp.o(i.CPU_TS_TmrRd)
    CSP_PM_CPU_ClkFreqGet                    0x00000905   Thumb Code   118  csp_pm.o(i.CSP_PM_CPU_ClkFreqGet)
    EINT0_IRQHandler                         0x0000098d   Thumb Code    60  irq_button.o(i.EINT0_IRQHandler)
    EINT1_IRQHandler                         0x000009d9   Thumb Code    60  irq_button.o(i.EINT1_IRQHandler)
    EINT2_IRQHandler                         0x00000a25   Thumb Code    60  irq_button.o(i.EINT2_IRQHandler)
    GUI_Text                                 0x00000a71   Thumb Code    80  glcd_1.o(i.GUI_Text)
    GetASCIICode                             0x00000ac1   Thumb Code    26  asciilib_1.o(i.GetASCIICode)
    LCD_Clear                                0x00000ae1   Thumb Code  1514  glcd_1.o(i.LCD_Clear)
    LCD_DrawLine                             0x000010e9   Thumb Code   250  glcd_1.o(i.LCD_DrawLine)
    LCD_Initialization                       0x000011e5   Thumb Code 12020  glcd_1.o(i.LCD_Initialization)
    LCD_SetPoint                             0x0000462d   Thumb Code   206  glcd_1.o(i.LCD_SetPoint)
    LED_init                                 0x00004701   Thumb Code    36  lib_led.o(i.LED_init)
    Mem_Clr                                  0x00004731   Thumb Code    18  lib_mem.o(i.Mem_Clr)
    Mem_Init                                 0x00004745   Thumb Code    54  lib_mem.o(i.Mem_Init)
    Mem_Set                                  0x0000478d   Thumb Code    98  lib_mem.o(i.Mem_Set)
    OSCfg_Init                               0x000047ef   Thumb Code     2  os_cfg_app.o(i.OSCfg_Init)
    OSIdleTaskHook                           0x000047f1   Thumb Code     2  os_cpu_c.o(i.OSIdleTaskHook)
    OSInit                                   0x000047f5   Thumb Code   200  os_core.o(i.OSInit)
    OSInitHook                               0x000048f5   Thumb Code    42  os_cpu_c.o(i.OSInitHook)
    OSIntExit                                0x0000492d   Thumb Code   192  os_core.o(i.OSIntExit)
    OSSched                                  0x00004a11   Thumb Code   134  os_core.o(i.OSSched)
    OSStart                                  0x00004ab9   Thumb Code    78  os_core.o(i.OSStart)
    OSTaskCreate                             0x00004b21   Thumb Code   340  os_task.o(i.OSTaskCreate)
    OSTaskCreateHook                         0x00004c89   Thumb Code     2  os_cpu_c.o(i.OSTaskCreateHook)
    OSTaskReturnHook                         0x00004c8b   Thumb Code     2  os_cpu_c.o(i.OSTaskReturnHook)
    OSTaskSemPend                            0x00004c8d   Thumb Code   438  os_task.o(i.OSTaskSemPend)
    OSTaskSemPost                            0x00004e51   Thumb Code    36  os_task.o(i.OSTaskSemPost)
    OSTaskStkInit                            0x00004e75   Thumb Code   188  os_cpu_c.o(i.OSTaskStkInit)
    OSTaskSwHook                             0x00004f35   Thumb Code    74  os_cpu_c.o(i.OSTaskSwHook)
    OSTimeDly                                0x00004f89   Thumb Code   182  os_time.o(i.OSTimeDly)
    OSTimeDlyHMSM                            0x0000504d   Thumb Code   276  os_time.o(i.OSTimeDlyHMSM)
    OSTimeTick                               0x00005171   Thumb Code    36  os_time.o(i.OSTimeTick)
    OSTimeTickHook                           0x000051a1   Thumb Code     2  os_cpu_c.o(i.OSTimeTickHook)
    OS_CPU_SysTickHandler                    0x000051a5   Thumb Code    52  os_cpu_c.o(i.OS_CPU_SysTickHandler)
    OS_CPU_SysTickInit                       0x000051dd   Thumb Code    44  os_cpu_c.o(i.OS_CPU_SysTickInit)
    OS_Dbg_Init                              0x0000520d   Thumb Code   128  os_dbg.o(i.OS_Dbg_Init)
    OS_FlagInit                              0x0000537d   Thumb Code    14  os_flag.o(i.OS_FlagInit)
    OS_IdleTask                              0x00005395   Thumb Code    50  os_core.o(i.OS_IdleTask)
    OS_IdleTaskInit                          0x000053cd   Thumb Code    66  os_core.o(i.OS_IdleTaskInit)
    OS_MemInit                               0x0000543d   Thumb Code    14  os_mem.o(i.OS_MemInit)
    OS_MsgPoolInit                           0x00005455   Thumb Code    80  os_msg.o(i.OS_MsgPoolInit)
    OS_MsgQInit                              0x000054b1   Thumb Code    14  os_msg.o(i.OS_MsgQInit)
    OS_Pend                                  0x000054c1   Thumb Code    98  os_core.o(i.OS_Pend)
    OS_PendDataInit                          0x00005529   Thumb Code    38  os_core.o(i.OS_PendDataInit)
    OS_PendDbgNameAdd                        0x00005551   Thumb Code    66  os_core.o(i.OS_PendDbgNameAdd)
    OS_PendDbgNameRemove                     0x000055ad   Thumb Code    30  os_core.o(i.OS_PendDbgNameRemove)
    OS_PendListInsertPrio                    0x000055d1   Thumb Code   102  os_core.o(i.OS_PendListInsertPrio)
    OS_PendListRemove                        0x00005637   Thumb Code    48  os_core.o(i.OS_PendListRemove)
    OS_PendListRemove1                       0x00005667   Thumb Code    66  os_core.o(i.OS_PendListRemove1)
    OS_Post                                  0x000056a9   Thumb Code   192  os_core.o(i.OS_Post)
    OS_Post1                                 0x00005769   Thumb Code    42  os_core.o(i.OS_Post1)
    OS_PrioGetHighest                        0x00005795   Thumb Code    36  os_prio.o(i.OS_PrioGetHighest)
    OS_PrioInit                              0x000057bd   Thumb Code    20  os_prio.o(i.OS_PrioInit)
    OS_PrioInsert                            0x000057d5   Thumb Code    32  os_prio.o(i.OS_PrioInsert)
    OS_PrioRemove                            0x000057f9   Thumb Code    32  os_prio.o(i.OS_PrioRemove)
    OS_RdyListInit                           0x0000581d   Thumb Code    32  os_core.o(i.OS_RdyListInit)
    OS_RdyListInsert                         0x00005841   Thumb Code    40  os_core.o(i.OS_RdyListInsert)
    OS_RdyListInsertHead                     0x0000586d   Thumb Code    58  os_core.o(i.OS_RdyListInsertHead)
    OS_RdyListInsertTail                     0x000058ad   Thumb Code    56  os_core.o(i.OS_RdyListInsertTail)
    OS_RdyListMoveHeadToTail                 0x000058e9   Thumb Code    68  os_core.o(i.OS_RdyListMoveHeadToTail)
    OS_RdyListRemove                         0x0000592d   Thumb Code    86  os_core.o(i.OS_RdyListRemove)
    OS_SchedRoundRobin                       0x00005989   Thumb Code   190  os_core.o(i.OS_SchedRoundRobin)
    OS_SemInit                               0x00005a59   Thumb Code    14  os_sem.o(i.OS_SemInit)
    OS_TaskBlock                             0x00005a71   Thumb Code    56  os_core.o(i.OS_TaskBlock)
    OS_TaskDbgListAdd                        0x00005aa9   Thumb Code    42  os_task.o(i.OS_TaskDbgListAdd)
    OS_TaskInit                              0x00005ad9   Thumb Code    18  os_task.o(i.OS_TaskInit)
    OS_TaskInitTCB                           0x00005af9   Thumb Code   178  os_task.o(i.OS_TaskInitTCB)
    OS_TaskRdy                               0x00005bb9   Thumb Code    28  os_core.o(i.OS_TaskRdy)
    OS_TaskReturn                            0x00005bd5   Thumb Code    26  os_task.o(i.OS_TaskReturn)
    OS_TaskSemPost                           0x00005bf9   Thumb Code   448  os_task.o(i.OS_TaskSemPost)
    OS_TickListInit                          0x00005dbd   Thumb Code    32  os_tick.o(i.OS_TickListInit)
    OS_TickListInsert                        0x00005de5   Thumb Code   430  os_tick.o(i.OS_TickListInsert)
    OS_TickListRemove                        0x00005fa1   Thumb Code    56  os_tick.o(i.OS_TickListRemove)
    OS_TickListUpdate                        0x00005fd9   Thumb Code   376  os_tick.o(i.OS_TickListUpdate)
    OS_TickTask                              0x00006161   Thumb Code    38  os_tick.o(i.OS_TickTask)
    OS_TickTaskInit                          0x0000618d   Thumb Code   128  os_tick.o(i.OS_TickTaskInit)
    PutChar                                  0x00006245   Thumb Code   100  glcd_1.o(i.PutChar)
    SystemInit                               0x000062a9   Thumb Code   302  system_lpc17xx.o(i.SystemInit)
    TIMER0_IRQHandler                        0x000063e9   Thumb Code    54  irq_timer.o(i.TIMER0_IRQHandler)
    TIMER1_IRQHandler                        0x0000642d   Thumb Code     8  irq_timer.o(i.TIMER1_IRQHandler)
    TIMER2_IRQHandler                        0x00006439   Thumb Code     8  irq_timer.o(i.TIMER2_IRQHandler)
    TIMER3_IRQHandler                        0x00006445   Thumb Code    16  irq_timer.o(i.TIMER3_IRQHandler)
    enable_timer                             0x00006509   Thumb Code    48  lib_timer.o(i.enable_timer)
    joystick_init                            0x00006545   Thumb Code   122  lib_joystick.o(i.joystick_init)
    main                                     0x000065c9   Thumb Code    88  main.o(i.main)
    OSCfg_IdleTaskStkBasePtr                 0x00006694   Data           4  os_cfg_app.o(.constdata)
    OSCfg_IdleTaskStkLimit                   0x00006698   Data           4  os_cfg_app.o(.constdata)
    OSCfg_IdleTaskStkSize                    0x0000669c   Data           4  os_cfg_app.o(.constdata)
    OSCfg_IdleTaskStkSizeRAM                 0x000066a0   Data           4  os_cfg_app.o(.constdata)
    OSCfg_IntQBasePtr                        0x000066a4   Data           4  os_cfg_app.o(.constdata)
    OSCfg_IntQSize                           0x000066a8   Data           2  os_cfg_app.o(.constdata)
    OSCfg_IntQSizeRAM                        0x000066ac   Data           4  os_cfg_app.o(.constdata)
    OSCfg_IntQTaskStkBasePtr                 0x000066b0   Data           4  os_cfg_app.o(.constdata)
    OSCfg_IntQTaskStkLimit                   0x000066b4   Data           4  os_cfg_app.o(.constdata)
    OSCfg_IntQTaskStkSize                    0x000066b8   Data           4  os_cfg_app.o(.constdata)
    OSCfg_IntQTaskStkSizeRAM                 0x000066bc   Data           4  os_cfg_app.o(.constdata)
    OSCfg_ISRStkBasePtr                      0x000066c0   Data           4  os_cfg_app.o(.constdata)
    OSCfg_ISRStkSize                         0x000066c4   Data           4  os_cfg_app.o(.constdata)
    OSCfg_ISRStkSizeRAM                      0x000066c8   Data           4  os_cfg_app.o(.constdata)
    OSCfg_MsgPoolSize                        0x000066cc   Data           2  os_cfg_app.o(.constdata)
    OSCfg_MsgPoolSizeRAM                     0x000066d0   Data           4  os_cfg_app.o(.constdata)
    OSCfg_MsgPoolBasePtr                     0x000066d4   Data           4  os_cfg_app.o(.constdata)
    OSCfg_StatTaskPrio                       0x000066d8   Data           1  os_cfg_app.o(.constdata)
    OSCfg_StatTaskRate_Hz                    0x000066dc   Data           4  os_cfg_app.o(.constdata)
    OSCfg_StatTaskStkBasePtr                 0x000066e0   Data           4  os_cfg_app.o(.constdata)
    OSCfg_StatTaskStkLimit                   0x000066e4   Data           4  os_cfg_app.o(.constdata)
    OSCfg_StatTaskStkSize                    0x000066e8   Data           4  os_cfg_app.o(.constdata)
    OSCfg_StatTaskStkSizeRAM                 0x000066ec   Data           4  os_cfg_app.o(.constdata)
    OSCfg_StkSizeMin                         0x000066f0   Data           4  os_cfg_app.o(.constdata)
    OSCfg_TickRate_Hz                        0x000066f4   Data           4  os_cfg_app.o(.constdata)
    OSCfg_TickTaskPrio                       0x000066f8   Data           1  os_cfg_app.o(.constdata)
    OSCfg_TickTaskStkBasePtr                 0x000066fc   Data           4  os_cfg_app.o(.constdata)
    OSCfg_TickTaskStkLimit                   0x00006700   Data           4  os_cfg_app.o(.constdata)
    OSCfg_TickTaskStkSize                    0x00006704   Data           4  os_cfg_app.o(.constdata)
    OSCfg_TickTaskStkSizeRAM                 0x00006708   Data           4  os_cfg_app.o(.constdata)
    OSCfg_TickWheelSize                      0x0000670c   Data           2  os_cfg_app.o(.constdata)
    OSCfg_TickWheelSizeRAM                   0x00006710   Data           4  os_cfg_app.o(.constdata)
    OSCfg_TmrTaskPrio                        0x00006714   Data           1  os_cfg_app.o(.constdata)
    OSCfg_TmrTaskRate_Hz                     0x00006718   Data           4  os_cfg_app.o(.constdata)
    OSCfg_TmrTaskStkBasePtr                  0x0000671c   Data           4  os_cfg_app.o(.constdata)
    OSCfg_TmrTaskStkLimit                    0x00006720   Data           4  os_cfg_app.o(.constdata)
    OSCfg_TmrTaskStkSize                     0x00006724   Data           4  os_cfg_app.o(.constdata)
    OSCfg_TmrTaskStkSizeRAM                  0x00006728   Data           4  os_cfg_app.o(.constdata)
    OSCfg_TmrWheelSize                       0x0000672c   Data           2  os_cfg_app.o(.constdata)
    OSCfg_TmrWheelSizeRAM                    0x00006730   Data           4  os_cfg_app.o(.constdata)
    OSCfg_DataSizeRAM                        0x00006734   Data           4  os_cfg_app.o(.constdata)
    OSDbg_DbgEn                              0x00006738   Data           1  os_dbg.o(.constdata)
    OSDbg_ArgChkEn                           0x00006739   Data           1  os_dbg.o(.constdata)
    OSDbg_AppHooksEn                         0x0000673a   Data           1  os_dbg.o(.constdata)
    OSDbg_EndiannessTest                     0x0000673c   Data           4  os_dbg.o(.constdata)
    OSDbg_CalledFromISRChkEn                 0x00006740   Data           1  os_dbg.o(.constdata)
    OSDbg_FlagEn                             0x00006741   Data           1  os_dbg.o(.constdata)
    OSDbg_FlagGrp                            0x00006744   Data          40  os_dbg.o(.constdata)
    OSDbg_FlagDelEn                          0x0000676c   Data           1  os_dbg.o(.constdata)
    OSDbg_FlagModeClrEn                      0x0000676d   Data           1  os_dbg.o(.constdata)
    OSDbg_FlagPendAbortEn                    0x0000676e   Data           1  os_dbg.o(.constdata)
    OSDbg_FlagGrpSize                        0x00006770   Data           2  os_dbg.o(.constdata)
    OSDbg_FlagWidth                          0x00006772   Data           2  os_dbg.o(.constdata)
    OSDbg_IntQ                               0x00006774   Data           2  os_dbg.o(.constdata)
    OSDbg_ISRPostDeferredEn                  0x00006776   Data           1  os_dbg.o(.constdata)
    OSDbg_Mem                                0x00006778   Data          32  os_dbg.o(.constdata)
    OSDbg_MemEn                              0x00006798   Data           1  os_dbg.o(.constdata)
    OSDbg_MemSize                            0x0000679a   Data           2  os_dbg.o(.constdata)
    OSDbg_MsgEn                              0x0000679c   Data           1  os_dbg.o(.constdata)
    OSDbg_MsgSize                            0x0000679e   Data           2  os_dbg.o(.constdata)
    OSDbg_MsgPoolSize                        0x000067a0   Data           2  os_dbg.o(.constdata)
    OSDbg_MsgQSize                           0x000067a2   Data           2  os_dbg.o(.constdata)
    OSDbg_Mutex                              0x000067a4   Data          44  os_dbg.o(.constdata)
    OSDbg_MutexEn                            0x000067d0   Data           1  os_dbg.o(.constdata)
    OSDbg_MutexDelEn                         0x000067d1   Data           1  os_dbg.o(.constdata)
    OSDbg_MutexPendAbortEn                   0x000067d2   Data           1  os_dbg.o(.constdata)
    OSDbg_MutexSize                          0x000067d4   Data           2  os_dbg.o(.constdata)
    OSDbg_ObjTypeChkEn                       0x000067d6   Data           1  os_dbg.o(.constdata)
    OSDbg_PendMultiEn                        0x000067d7   Data           1  os_dbg.o(.constdata)
    OSDbg_PendDataSize                       0x000067d8   Data           2  os_dbg.o(.constdata)
    OSDbg_PendListSize                       0x000067da   Data           2  os_dbg.o(.constdata)
    OSDbg_PendObjSize                        0x000067dc   Data           2  os_dbg.o(.constdata)
    OSDbg_PrioMax                            0x000067de   Data           2  os_dbg.o(.constdata)
    OSDbg_PrioTblSize                        0x000067e0   Data           2  os_dbg.o(.constdata)
    OSDbg_PtrSize                            0x000067e2   Data           2  os_dbg.o(.constdata)
    OSDbg_Q                                  0x000067e4   Data          48  os_dbg.o(.constdata)
    OSDbg_QEn                                0x00006814   Data           1  os_dbg.o(.constdata)
    OSDbg_QDelEn                             0x00006815   Data           1  os_dbg.o(.constdata)
    OSDbg_QFlushEn                           0x00006816   Data           1  os_dbg.o(.constdata)
    OSDbg_QPendAbortEn                       0x00006817   Data           1  os_dbg.o(.constdata)
    OSDbg_QSize                              0x00006818   Data           2  os_dbg.o(.constdata)
    OSDbg_SchedRoundRobinEn                  0x0000681a   Data           1  os_dbg.o(.constdata)
    OSDbg_Sem                                0x0000681c   Data          40  os_dbg.o(.constdata)
    OSDbg_SemEn                              0x00006844   Data           1  os_dbg.o(.constdata)
    OSDbg_SemDelEn                           0x00006845   Data           1  os_dbg.o(.constdata)
    OSDbg_SemPendAbortEn                     0x00006846   Data           1  os_dbg.o(.constdata)
    OSDbg_SemSetEn                           0x00006847   Data           1  os_dbg.o(.constdata)
    OSDbg_SemSize                            0x00006848   Data           2  os_dbg.o(.constdata)
    OSDbg_RdyList                            0x0000684a   Data           2  os_dbg.o(.constdata)
    OSDbg_RdyListSize                        0x0000684c   Data           4  os_dbg.o(.constdata)
    OSDbg_StkWidth                           0x00006850   Data           1  os_dbg.o(.constdata)
    OSDbg_StatTaskEn                         0x00006851   Data           1  os_dbg.o(.constdata)
    OSDbg_StatTaskStkChkEn                   0x00006852   Data           1  os_dbg.o(.constdata)
    OSDbg_TaskChangePrioEn                   0x00006853   Data           1  os_dbg.o(.constdata)
    OSDbg_TaskDelEn                          0x00006854   Data           1  os_dbg.o(.constdata)
    OSDbg_TaskQEn                            0x00006855   Data           1  os_dbg.o(.constdata)
    OSDbg_TaskQPendAbortEn                   0x00006856   Data           1  os_dbg.o(.constdata)
    OSDbg_TaskProfileEn                      0x00006857   Data           1  os_dbg.o(.constdata)
    OSDbg_TaskRegTblSize                     0x00006858   Data           2  os_dbg.o(.constdata)
    OSDbg_TaskSemPendAbortEn                 0x0000685a   Data           1  os_dbg.o(.constdata)
    OSDbg_TaskSuspendEn                      0x0000685b   Data           1  os_dbg.o(.constdata)
    OSDbg_TCBSize                            0x0000685c   Data           2  os_dbg.o(.constdata)
    OSDbg_TickSpokeSize                      0x0000685e   Data           2  os_dbg.o(.constdata)
    OSDbg_TimeDlyHMSMEn                      0x00006860   Data           1  os_dbg.o(.constdata)
    OSDbg_TimeDlyResumeEn                    0x00006861   Data           1  os_dbg.o(.constdata)
    OSDbg_TLS_TblSize                        0x00006862   Data           2  os_dbg.o(.constdata)
    OSDbg_Tmr                                0x00006864   Data          52  os_dbg.o(.constdata)
    OSDbg_TmrEn                              0x00006898   Data           1  os_dbg.o(.constdata)
    OSDbg_TmrDelEn                           0x00006899   Data           1  os_dbg.o(.constdata)
    OSDbg_TmrSize                            0x0000689a   Data           2  os_dbg.o(.constdata)
    OSDbg_TmrSpokeSize                       0x0000689c   Data           2  os_dbg.o(.constdata)
    OSDbg_VersionNbr                         0x0000689e   Data           2  os_dbg.o(.constdata)
    OSDbg_DataSize                           0x000068a0   Data           4  os_dbg.o(.constdata)
    Region$$Table$$Base                      0x00006e94   Number         0  anon$$obj.o(Region$$Table)
    Region$$Table$$Limit                     0x00006ec4   Number         0  anon$$obj.o(Region$$Table)
    Mem_PoolHeap                             0x10000000   Data          72  lib_mem.o(.bss)
    Mem_Heap                                 0x10000048   Data       15360  lib_mem.o(.bss)
    down_KEY1                                0x2007c000   Data           4  main.o(.data)
    down_KEY2                                0x2007c004   Data           4  main.o(.data)
    down_KEY3                                0x2007c008   Data           4  main.o(.data)
    AD_current                               0x2007c00c   Data           2  main.o(.data)
    position                                 0x2007c00e   Data           2  main.o(.data)
    counter                                  0x2007c010   Data           2  main.o(.data)
    CPU_TS_TmrFreq_Hz                        0x2007c014   Data           4  cpu_core.o(.data)
    Mem_PoolTbl                              0x2007c018   Data           4  lib_mem.o(.data)
    OSPrioTbl                                0x2007c01c   Data           8  os_prio.o(.data)
    OSIdleTaskCtr                            0x2007c024   Data           4  os_var.o(.data)
    OSIntNestingCtr                          0x2007c028   Data           1  os_var.o(.data)
    OSRunning                                0x2007c029   Data           1  os_var.o(.data)
    OSFlagDbgListPtr                         0x2007c02c   Data           4  os_var.o(.data)
    OSFlagQty                                0x2007c030   Data           2  os_var.o(.data)
    OSMemDbgListPtr                          0x2007c034   Data           4  os_var.o(.data)
    OSMemQty                                 0x2007c038   Data           2  os_var.o(.data)
    OSPrioCur                                0x2007c03a   Data           1  os_var.o(.data)
    OSPrioHighRdy                            0x2007c03b   Data           1  os_var.o(.data)
    OSPrioSaved                              0x2007c03c   Data           1  os_var.o(.data)
    OSSchedLockNestingCtr                    0x2007c03d   Data           1  os_var.o(.data)
    OSSchedRoundRobinDfltTimeQuanta          0x2007c040   Data           4  os_var.o(.data)
    OSSchedRoundRobinEn                      0x2007c044   Data           1  os_var.o(.data)
    OSSemDbgListPtr                          0x2007c048   Data           4  os_var.o(.data)
    OSSemQty                                 0x2007c04c   Data           2  os_var.o(.data)
    OSTaskCtxSwCtr                           0x2007c050   Data           4  os_var.o(.data)
    OSTaskDbgListPtr                         0x2007c054   Data           4  os_var.o(.data)
    OSTaskQty                                0x2007c058   Data           2  os_var.o(.data)
    OSTaskRegNextAvailID                     0x2007c05a   Data           1  os_var.o(.data)
    OSTickCtr                                0x2007c05c   Data           4  os_var.o(.data)
    OSTickTaskTimeMax                        0x2007c060   Data           4  os_var.o(.data)
    OSTCBCurPtr                              0x2007c064   Data           4  os_var.o(.data)
    OSTCBHighRdyPtr                          0x2007c068   Data           4  os_var.o(.data)
    OS_CPU_ExceptStkBase                     0x2007c06c   Data           4  os_cpu_c.o(.data)
    led_value                                0x2007c071   Data           1  lib_led.o(.data)
    SinTable                                 0x2007c074   Data          90  irq_timer.o(.data)
    seq4beats                                0x2007c0d0   Data         120  irq_timer.o(.data)
    play                                     0x2007c148   Data           4  irq_timer.o(.data)
    blink_mask                               0x2007c14c   Data           4  irq_timer.o(.data)
    song                                     0x2007c150   Data           4  irq_timer.o(.data)
    note                                     0x2007c154   Data           4  irq_timer.o(.data)
    sem_counter                              0x2007c984   Data          40  main.o(.bss)
    sem_position                             0x2007c9ac   Data          40  main.o(.bss)
    VectorTbl_RAM                            0x2007cc00   Data         192  bsp_os.o(.bss)
    CPU_Name                                 0x2007ccc0   Data          16  cpu_core.o(.bss)
    OSCfg_IdleTaskStk                        0x2007ccd0   Data         512  os_cfg_app.o(.bss)
    OSCfg_ISRStk                             0x2007ced0   Data        1024  os_cfg_app.o(.bss)
    OSCfg_MsgPool                            0x2007d2d0   Data        7200  os_cfg_app.o(.bss)
    OSCfg_TickTaskStk                        0x2007eef0   Data         512  os_cfg_app.o(.bss)
    OSCfg_TickWheel                          0x2007f0f0   Data         128  os_cfg_app.o(.bss)
    OSIdleTaskTCB                            0x2007f170   Data         184  os_var.o(.bss)
    OSMsgPool                                0x2007f228   Data          12  os_var.o(.bss)
    OSRdyList                                0x2007f234   Data         768  os_var.o(.bss)
    OSTickTaskTCB                            0x2007f534   Data         184  os_var.o(.bss)
    __libspace_start                         0x2007f5ec   Data          96  libspace.o(.bss)
    __temporary_stack_top$libspace           0x2007f64c   Data           0  libspace.o(.bss)



==============================================================================

Memory Map of the image

  Image Entry point : 0x000000cd

  Load Region LR_IROM1 (Base: 0x00000000, Size: 0x00007020, Max: 0x00080000, ABSOLUTE, COMPRESSED[0x00006f3c])

    Execution Region ER_IROM1 (Exec base: 0x00000000, Load base: 0x00000000, Size: 0x00006ec4, Max: 0x00080000, ABSOLUTE)

    Exec Addr    Load Addr    Size         Type   Attr      Idx    E Section Name        Object

    0x00000000   0x00000000   0x000000cc   Data   RO         2973    RESET               startup_lpc17xx.o
    0x000000cc   0x000000cc   0x00000008   Code   RO         3025  * !!!main             c_w.l(__main.o)
    0x000000d4   0x000000d4   0x00000034   Code   RO         3223    !!!scatter          c_w.l(__scatter.o)
    0x00000108   0x00000108   0x0000005a   Code   RO         3221    !!dczerorl2         c_w.l(__dczerorl2.o)
    0x00000162   0x00000162   0x00000002   PAD
    0x00000164   0x00000164   0x0000001c   Code   RO         3225    !!handler_zi        c_w.l(__scatter_zi.o)
    0x00000180   0x00000180   0x00000002   Code   RO         3089    .ARM.Collect$$libinit$$00000000  c_w.l(libinit.o)
    0x00000182   0x00000182   0x00000000   Code   RO         3102    .ARM.Collect$$libinit$$00000002  c_w.l(libinit2.o)
    0x00000182   0x00000182   0x00000000   Code   RO         3104    .ARM.Collect$$libinit$$00000004  c_w.l(libinit2.o)
    0x00000182   0x00000182   0x00000000   Code   RO         3107    .ARM.Collect$$libinit$$0000000A  c_w.l(libinit2.o)
    0x00000182   0x00000182   0x00000000   Code   RO         3109    .ARM.Collect$$libinit$$0000000C  c_w.l(libinit2.o)
    0x00000182   0x00000182   0x00000000   Code   RO         3111    .ARM.Collect$$libinit$$0000000E  c_w.l(libinit2.o)
    0x00000182   0x00000182   0x00000000   Code   RO         3114    .ARM.Collect$$libinit$$00000011  c_w.l(libinit2.o)
    0x00000182   0x00000182   0x00000000   Code   RO         3116    .ARM.Collect$$libinit$$00000013  c_w.l(libinit2.o)
    0x00000182   0x00000182   0x00000000   Code   RO         3118    .ARM.Collect$$libinit$$00000015  c_w.l(libinit2.o)
    0x00000182   0x00000182   0x00000000   Code   RO         3120    .ARM.Collect$$libinit$$00000017  c_w.l(libinit2.o)
    0x00000182   0x00000182   0x00000000   Code   RO         3122    .ARM.Collect$$libinit$$00000019  c_w.l(libinit2.o)
    0x00000182   0x00000182   0x00000000   Code   RO         3124    .ARM.Collect$$libinit$$0000001B  c_w.l(libinit2.o)
    0x00000182   0x00000182   0x00000000   Code   RO         3126    .ARM.Collect$$libinit$$0000001D  c_w.l(libinit2.o)
    0x00000182   0x00000182   0x00000000   Code   RO         3128    .ARM.Collect$$libinit$$0000001F  c_w.l(libinit2.o)
    0x00000182   0x00000182   0x00000000   Code   RO         3130    .ARM.Collect$$libinit$$00000021  c_w.l(libinit2.o)
    0x00000182   0x00000182   0x00000000   Code   RO         3132    .ARM.Collect$$libinit$$00000023  c_w.l(libinit2.o)
    0x00000182   0x00000182   0x00000000   Code   RO         3134    .ARM.Collect$$libinit$$00000025  c_w.l(libinit2.o)
    0x00000182   0x00000182   0x00000000   Code   RO         3138    .ARM.Collect$$libinit$$0000002C  c_w.l(libinit2.o)
    0x00000182   0x00000182   0x00000000   Code   RO         3140    .ARM.Collect$$libinit$$0000002E  c_w.l(libinit2.o)
    0x00000182   0x00000182   0x00000000   Code   RO         3142    .ARM.Collect$$libinit$$00000030  c_w.l(libinit2.o)
    0x00000182   0x00000182   0x00000000   Code   RO         3144    .ARM.Collect$$libinit$$00000032  c_w.l(libinit2.o)
    0x00000182   0x00000182   0x00000002   Code   RO         3145    .ARM.Collect$$libinit$$00000033  c_w.l(libinit2.o)
    0x00000184   0x00000184   0x00000002   Code   RO         3176    .ARM.Collect$$libshutdown$$00000000  c_w.l(libshutdown.o)
    0x00000186   0x00000186   0x00000000   Code   RO         3202    .ARM.Collect$$libshutdown$$00000002  c_w.l(libshutdown2.o)
    0x00000186   0x00000186   0x00000000   Code   RO         3204    .ARM.Collect$$libshutdown$$00000004  c_w.l(libshutdown2.o)
    0x00000186   0x00000186   0x00000000   Code   RO         3206    .ARM.Collect$$libshutdown$$00000006  c_w.l(libshutdown2.o)
    0x00000186   0x00000186   0x00000000   Code   RO         3209    .ARM.Collect$$libshutdown$$00000009  c_w.l(libshutdown2.o)
    0x00000186   0x00000186   0x00000000   Code   RO         3212    .ARM.Collect$$libshutdown$$0000000C  c_w.l(libshutdown2.o)
    0x00000186   0x00000186   0x00000000   Code   RO         3214    .ARM.Collect$$libshutdown$$0000000E  c_w.l(libshutdown2.o)
    0x00000186   0x00000186   0x00000000   Code   RO         3217    .ARM.Collect$$libshutdown$$00000011  c_w.l(libshutdown2.o)
    0x00000186   0x00000186   0x00000002   Code   RO         3218    .ARM.Collect$$libshutdown$$00000012  c_w.l(libshutdown2.o)
    0x00000188   0x00000188   0x00000000   Code   RO         3047    .ARM.Collect$$rtentry$$00000000  c_w.l(__rtentry.o)
    0x00000188   0x00000188   0x00000000   Code   RO         3060    .ARM.Collect$$rtentry$$00000002  c_w.l(__rtentry2.o)
    0x00000188   0x00000188   0x00000006   Code   RO         3072    .ARM.Collect$$rtentry$$00000004  c_w.l(__rtentry4.o)
    0x0000018e   0x0000018e   0x00000000   Code   RO         3062    .ARM.Collect$$rtentry$$00000009  c_w.l(__rtentry2.o)
    0x0000018e   0x0000018e   0x00000004   Code   RO         3063    .ARM.Collect$$rtentry$$0000000A  c_w.l(__rtentry2.o)
    0x00000192   0x00000192   0x00000000   Code   RO         3065    .ARM.Collect$$rtentry$$0000000C  c_w.l(__rtentry2.o)
    0x00000192   0x00000192   0x00000008   Code   RO         3066    .ARM.Collect$$rtentry$$0000000D  c_w.l(__rtentry2.o)
    0x0000019a   0x0000019a   0x00000002   Code   RO         3093    .ARM.Collect$$rtexit$$00000000  c_w.l(rtexit.o)
    0x0000019c   0x0000019c   0x00000000   Code   RO         3149    .ARM.Collect$$rtexit$$00000002  c_w.l(rtexit2.o)
    0x0000019c   0x0000019c   0x00000004   Code   RO         3150    .ARM.Collect$$rtexit$$00000003  c_w.l(rtexit2.o)
    0x000001a0   0x000001a0   0x00000006   Code   RO         3151    .ARM.Collect$$rtexit$$00000004  c_w.l(rtexit2.o)
    0x000001a6   0x000001a6   0x00000002   PAD
    0x000001a8   0x000001a8   0x00000034   Code   RO          521    .text               cpu_a.o
    0x000001dc   0x000001dc   0x00000084   Code   RO         2253    .text               os_cpu_a.o
    0x00000260   0x00000260   0x0000004c   Code   RO         2975    .text               startup_lpc17xx.o
    0x000002ac   0x000002ac   0x00000006   Code   RO         3023    .text               c_w.l(heapauxi.o)
    0x000002b2   0x000002b2   0x0000004a   Code   RO         3076    .text               c_w.l(sys_stackheap_outer.o)
    0x000002fc   0x000002fc   0x00000004   Code   RO         2974    .ARM.__at_0x02FC    startup_lpc17xx.o
    0x00000300   0x00000300   0x0000008a   Code   RO         3021    .text               c_w.l(rt_memcpy_v6.o)
    0x0000038a   0x0000038a   0x00000064   Code   RO         3052    .text               c_w.l(rt_memcpy_w.o)
    0x000003ee   0x000003ee   0x00000012   Code   RO         3078    .text               c_w.l(exit.o)
    0x00000400   0x00000400   0x00000008   Code   RO         3090    .text               c_w.l(libspace.o)
    0x00000408   0x00000408   0x0000000c   Code   RO         3146    .text               c_w.l(sys_exit.o)
    0x00000414   0x00000414   0x00000002   Code   RO         3165    .text               c_w.l(use_no_semi.o)
    0x00000416   0x00000416   0x00000000   Code   RO         3167    .text               c_w.l(indicate_semi.o)
    0x00000416   0x00000416   0x00000002   PAD
    0x00000418   0x00000418   0x00000048   Code   RO         2338    i.ADC_IRQHandler    irq_adc.o
    0x00000460   0x00000460   0x00000084   Code   RO         2388    i.ADC_init          lib_adc.o
    0x000004e4   0x000004e4   0x00000014   Code   RO         2389    i.ADC_start_conversion  lib_adc.o
    0x000004f8   0x000004f8   0x00000268   Code   RO            4    i.APP_TSK           main.o
    0x00000760   0x00000760   0x0000004c   Code   RO          302    i.BSP_IntInit       bsp_os.o
    0x000007ac   0x000007ac   0x00000012   Code   RO          307    i.BSP_OS_TickEnable  bsp_os.o
    0x000007be   0x000007be   0x00000002   PAD
    0x000007c0   0x000007c0   0x0000001c   Code   RO          169    i.BSP_Start         bsp.o
    0x000007dc   0x000007dc   0x00000088   Code   RO         2837    i.BUTTON_init       lib_button.o
    0x00000864   0x00000864   0x0000000c   Code   RO          581    i.CPU_Init          cpu_core.o
    0x00000870   0x00000870   0x00000030   Code   RO          582    i.CPU_NameClr       cpu_core.o
    0x000008a0   0x000008a0   0x00000008   Code   RO          584    i.CPU_NameInit      cpu_core.o
    0x000008a8   0x000008a8   0x00000014   Code   RO          588    i.CPU_TS_Init       cpu_core.o
    0x000008bc   0x000008bc   0x0000000c   Code   RO          590    i.CPU_TS_TmrFreqSet  cpu_core.o
    0x000008c8   0x000008c8   0x00000030   Code   RO          171    i.CPU_TS_TmrInit    bsp.o
    0x000008f8   0x000008f8   0x0000000c   Code   RO          172    i.CPU_TS_TmrRd      bsp.o
    0x00000904   0x00000904   0x00000088   Code   RO          865    i.CSP_PM_CPU_ClkFreqGet  csp_pm.o
    0x0000098c   0x0000098c   0x0000004c   Code   RO         2783    i.EINT0_IRQHandler  irq_button.o
    0x000009d8   0x000009d8   0x0000004c   Code   RO         2784    i.EINT1_IRQHandler  irq_button.o
    0x00000a24   0x00000a24   0x0000004c   Code   RO         2785    i.EINT2_IRQHandler  irq_button.o
    0x00000a70   0x00000a70   0x00000050   Code   RO         2439    i.GUI_Text          glcd_1.o
    0x00000ac0   0x00000ac0   0x00000020   Code   RO         2419    i.GetASCIICode      asciilib_1.o
    0x00000ae0   0x00000ae0   0x000005f0   Code   RO         2441    i.LCD_Clear         glcd_1.o
    0x000010d0   0x000010d0   0x00000018   Code   RO         2442    i.LCD_Configuration  glcd_1.o
    0x000010e8   0x000010e8   0x000000fa   Code   RO         2443    i.LCD_DrawLine      glcd_1.o
    0x000011e2   0x000011e2   0x00000002   PAD
    0x000011e4   0x000011e4   0x00002ef8   Code   RO         2445    i.LCD_Initialization  glcd_1.o
    0x000040dc   0x000040dc   0x00000550   Code   RO         2446    i.LCD_SetCursor     glcd_1.o
    0x0000462c   0x0000462c   0x000000d4   Code   RO         2447    i.LCD_SetPoint      glcd_1.o
    0x00004700   0x00004700   0x00000030   Code   RO         2644    i.LED_init          lib_led.o
    0x00004730   0x00004730   0x00000012   Code   RO         1137    i.Mem_Clr           lib_mem.o
    0x00004742   0x00004742   0x00000002   PAD
    0x00004744   0x00004744   0x00000048   Code   RO         1141    i.Mem_Init          lib_mem.o
    0x0000478c   0x0000478c   0x00000062   Code   RO         1154    i.Mem_Set           lib_mem.o
    0x000047ee   0x000047ee   0x00000002   Code   RO         1408    i.OSCfg_Init        os_cfg_app.o
    0x000047f0   0x000047f0   0x00000002   Code   RO         2257    i.OSIdleTaskHook    os_cpu_c.o
    0x000047f2   0x000047f2   0x00000002   PAD
    0x000047f4   0x000047f4   0x00000100   Code   RO         1431    i.OSInit            os_core.o
    0x000048f4   0x000048f4   0x00000038   Code   RO         2258    i.OSInitHook        os_cpu_c.o
    0x0000492c   0x0000492c   0x000000e4   Code   RO         1433    i.OSIntExit         os_core.o
    0x00004a10   0x00004a10   0x000000a8   Code   RO         1434    i.OSSched           os_core.o
    0x00004ab8   0x00004ab8   0x00000068   Code   RO         1439    i.OSStart           os_core.o
    0x00004b20   0x00004b20   0x00000168   Code   RO         1975    i.OSTaskCreate      os_task.o
    0x00004c88   0x00004c88   0x00000002   Code   RO         2260    i.OSTaskCreateHook  os_cpu_c.o
    0x00004c8a   0x00004c8a   0x00000002   Code   RO         2262    i.OSTaskReturnHook  os_cpu_c.o
    0x00004c8c   0x00004c8c   0x000001c4   Code   RO         1984    i.OSTaskSemPend     os_task.o
    0x00004e50   0x00004e50   0x00000024   Code   RO         1986    i.OSTaskSemPost     os_task.o
    0x00004e74   0x00004e74   0x000000c0   Code   RO         2263    i.OSTaskStkInit     os_cpu_c.o
    0x00004f34   0x00004f34   0x00000054   Code   RO         2264    i.OSTaskSwHook      os_cpu_c.o
    0x00004f88   0x00004f88   0x000000c4   Code   RO         2173    i.OSTimeDly         os_time.o
    0x0000504c   0x0000504c   0x00000124   Code   RO         2174    i.OSTimeDlyHMSM     os_time.o
    0x00005170   0x00005170   0x00000030   Code   RO         2178    i.OSTimeTick        os_time.o
    0x000051a0   0x000051a0   0x00000002   Code   RO         2265    i.OSTimeTickHook    os_cpu_c.o
    0x000051a2   0x000051a2   0x00000002   PAD
    0x000051a4   0x000051a4   0x00000038   Code   RO         2266    i.OS_CPU_SysTickHandler  os_cpu_c.o
    0x000051dc   0x000051dc   0x00000030   Code   RO         2267    i.OS_CPU_SysTickInit  os_cpu_c.o
    0x0000520c   0x0000520c   0x00000170   Code   RO         1659    i.OS_Dbg_Init       os_dbg.o
    0x0000537c   0x0000537c   0x00000018   Code   RO         1684    i.OS_FlagInit       os_flag.o
    0x00005394   0x00005394   0x00000038   Code   RO         1441    i.OS_IdleTask       os_core.o
    0x000053cc   0x000053cc   0x00000070   Code   RO         1442    i.OS_IdleTaskInit   os_core.o
    0x0000543c   0x0000543c   0x00000018   Code   RO         1768    i.OS_MemInit        os_mem.o
    0x00005454   0x00005454   0x0000005c   Code   RO         1800    i.OS_MsgPoolInit    os_msg.o
    0x000054b0   0x000054b0   0x0000000e   Code   RO         1803    i.OS_MsgQInit       os_msg.o
    0x000054be   0x000054be   0x00000002   PAD
    0x000054c0   0x000054c0   0x00000068   Code   RO         1443    i.OS_Pend           os_core.o
    0x00005528   0x00005528   0x00000026   Code   RO         1446    i.OS_PendDataInit   os_core.o
    0x0000554e   0x0000554e   0x00000002   PAD
    0x00005550   0x00005550   0x0000005c   Code   RO         1447    i.OS_PendDbgNameAdd  os_core.o
    0x000055ac   0x000055ac   0x00000024   Code   RO         1448    i.OS_PendDbgNameRemove  os_core.o
    0x000055d0   0x000055d0   0x00000066   Code   RO         1452    i.OS_PendListInsertPrio  os_core.o
    0x00005636   0x00005636   0x00000030   Code   RO         1453    i.OS_PendListRemove  os_core.o
    0x00005666   0x00005666   0x00000042   Code   RO         1454    i.OS_PendListRemove1  os_core.o
    0x000056a8   0x000056a8   0x000000c0   Code   RO         1457    i.OS_Post           os_core.o
    0x00005768   0x00005768   0x0000002a   Code   RO         1458    i.OS_Post1          os_core.o
    0x00005792   0x00005792   0x00000002   PAD
    0x00005794   0x00005794   0x00000028   Code   RO         1872    i.OS_PrioGetHighest  os_prio.o
    0x000057bc   0x000057bc   0x00000018   Code   RO         1873    i.OS_PrioInit       os_prio.o
    0x000057d4   0x000057d4   0x00000024   Code   RO         1874    i.OS_PrioInsert     os_prio.o
    0x000057f8   0x000057f8   0x00000024   Code   RO         1875    i.OS_PrioRemove     os_prio.o
    0x0000581c   0x0000581c   0x00000024   Code   RO         1459    i.OS_RdyListInit    os_core.o
    0x00005840   0x00005840   0x0000002c   Code   RO         1460    i.OS_RdyListInsert  os_core.o
    0x0000586c   0x0000586c   0x00000040   Code   RO         1461    i.OS_RdyListInsertHead  os_core.o
    0x000058ac   0x000058ac   0x0000003c   Code   RO         1462    i.OS_RdyListInsertTail  os_core.o
    0x000058e8   0x000058e8   0x00000044   Code   RO         1463    i.OS_RdyListMoveHeadToTail  os_core.o
    0x0000592c   0x0000592c   0x0000005c   Code   RO         1464    i.OS_RdyListRemove  os_core.o
    0x00005988   0x00005988   0x000000d0   Code   RO         1465    i.OS_SchedRoundRobin  os_core.o
    0x00005a58   0x00005a58   0x00000018   Code   RO         1921    i.OS_SemInit        os_sem.o
    0x00005a70   0x00005a70   0x00000038   Code   RO         1466    i.OS_TaskBlock      os_core.o
    0x00005aa8   0x00005aa8   0x00000030   Code   RO         1990    i.OS_TaskDbgListAdd  os_task.o
    0x00005ad8   0x00005ad8   0x00000020   Code   RO         1992    i.OS_TaskInit       os_task.o
    0x00005af8   0x00005af8   0x000000c0   Code   RO         1993    i.OS_TaskInitTCB    os_task.o
    0x00005bb8   0x00005bb8   0x0000001c   Code   RO         1467    i.OS_TaskRdy        os_core.o
    0x00005bd4   0x00005bd4   0x00000024   Code   RO         1996    i.OS_TaskReturn     os_task.o
    0x00005bf8   0x00005bf8   0x000001c4   Code   RO         1997    i.OS_TaskSemPost    os_task.o
    0x00005dbc   0x00005dbc   0x00000028   Code   RO         2125    i.OS_TickListInit   os_tick.o
    0x00005de4   0x00005de4   0x000001bc   Code   RO         2126    i.OS_TickListInsert  os_tick.o
    0x00005fa0   0x00005fa0   0x00000038   Code   RO         2127    i.OS_TickListRemove  os_tick.o
    0x00005fd8   0x00005fd8   0x00000188   Code   RO         2129    i.OS_TickListUpdate  os_tick.o
    0x00006160   0x00006160   0x0000002c   Code   RO         2130    i.OS_TickTask       os_tick.o
    0x0000618c   0x0000618c   0x000000b8   Code   RO         2131    i.OS_TickTaskInit   os_tick.o
    0x00006244   0x00006244   0x00000064   Code   RO         2448    i.PutChar           glcd_1.o
    0x000062a8   0x000062a8   0x00000140   Code   RO         2985    i.SystemInit        system_lpc17xx.o
    0x000063e8   0x000063e8   0x00000044   Code   RO         2676    i.TIMER0_IRQHandler  irq_timer.o
    0x0000642c   0x0000642c   0x0000000c   Code   RO         2677    i.TIMER1_IRQHandler  irq_timer.o
    0x00006438   0x00006438   0x0000000c   Code   RO         2678    i.TIMER2_IRQHandler  irq_timer.o
    0x00006444   0x00006444   0x00000014   Code   RO         2679    i.TIMER3_IRQHandler  irq_timer.o
    0x00006458   0x00006458   0x00000024   Code   RO         2786    i.__NVIC_DisableIRQ  irq_button.o
    0x0000647c   0x0000647c   0x00000022   Code   RO         2787    i.__NVIC_EnableIRQ  irq_button.o
    0x0000649e   0x0000649e   0x00000022   Code   RO         2838    i.__NVIC_EnableIRQ  lib_button.o
    0x000064c0   0x000064c0   0x00000028   Code   RO         2839    i.__NVIC_SetPriority  lib_button.o
    0x000064e8   0x000064e8   0x0000001e   Code   RO         2449    i.delay_ms          glcd_1.o
    0x00006506   0x00006506   0x00000002   PAD
    0x00006508   0x00006508   0x0000003c   Code   RO         2734    i.enable_timer      lib_timer.o
    0x00006544   0x00006544   0x00000084   Code   RO         2576    i.joystick_init     lib_joystick.o
    0x000065c8   0x000065c8   0x00000070   Code   RO            5    i.main              main.o
    0x00006638   0x00006638   0x00000050   Code   RO            6    i.tostring          main.o
    0x00006688   0x00006688   0x0000000c   Code   RO         2450    i.wait_delay        glcd_1.o
    0x00006694   0x00006694   0x000000a4   Data   RO         1410    .constdata          os_cfg_app.o
    0x00006738   0x00006738   0x0000016c   Data   RO         1660    .constdata          os_dbg.o
    0x000068a4   0x000068a4   0x000005f0   Data   RO         2420    .constdata          asciilib_1.o
    0x00006e94   0x00006e94   0x00000030   Data   RO         3219    Region$$Table       anon$$obj.o


    Execution Region RW_IRAM1 (Exec base: 0x10000000, Load base: 0x00006ec4, Size: 0x00003c48, Max: 0x00008000, ABSOLUTE)

    Exec Addr    Load Addr    Size         Type   Attr      Idx    E Section Name        Object

    0x10000000        -       0x00003c48   Zero   RW         1155    .bss                lib_mem.o


    Execution Region RW_IRAM2 (Exec base: 0x2007c000, Load base: 0x00006ec4, Size: 0x00003850, Max: 0x00008000, ABSOLUTE, COMPRESSED[0x00000078])

    Exec Addr    Load Addr    Size         Type   Attr      Idx    E Section Name        Object

    0x2007c000   COMPRESSED   0x00000012   Data   RW            8    .data               main.o
    0x2007c012   COMPRESSED   0x00000002   PAD
    0x2007c014   COMPRESSED   0x00000004   Data   RW          594    .data               cpu_core.o
    0x2007c018   COMPRESSED   0x00000004   Data   RW         1156    .data               lib_mem.o
    0x2007c01c   COMPRESSED   0x00000008   Data   RW         1876    .data               os_prio.o
    0x2007c024   COMPRESSED   0x00000048   Data   RW         2222    .data               os_var.o
    0x2007c06c   COMPRESSED   0x00000004   Data   RW         2268    .data               os_cpu_c.o
    0x2007c070   COMPRESSED   0x00000001   Data   RW         2451    .data               glcd_1.o
    0x2007c071   COMPRESSED   0x00000001   Data   RW         2645    .data               lib_led.o
    0x2007c072   COMPRESSED   0x00000002   PAD
    0x2007c074   COMPRESSED   0x000000e8   Data   RW         2681    .data               irq_timer.o
    0x2007c15c        -       0x00000878   Zero   RW            7    .bss                main.o
    0x2007c9d4   COMPRESSED   0x0000022c   PAD
    0x2007cc00        -       0x000000c0   Zero   RW          310    .bss                bsp_os.o
    0x2007ccc0        -       0x00000010   Zero   RW          592    .bss                cpu_core.o
    0x2007ccd0        -       0x000024a0   Zero   RW         1409    .bss                os_cfg_app.o
    0x2007f170        -       0x0000047c   Zero   RW         2221    .bss                os_var.o
    0x2007f5ec        -       0x00000060   Zero   RW         3091    .bss                c_w.l(libspace.o)
    0x2007f64c   COMPRESSED   0x00000004   PAD
    0x2007f650        -       0x00000000   Zero   RW         2972    HEAP                startup_lpc17xx.o
    0x2007f650        -       0x00000200   Zero   RW         2971    STACK               startup_lpc17xx.o


==============================================================================

Image component sizes


      Code (inc. data)   RO Data    RW Data    ZI Data      Debug   Object Name

        32          6       1520          0          0       1159   asciilib_1.o
        88         18          0          0          0      38426   bsp.o
        94         10          0          0        192       2690   bsp_os.o
        52          0          0          0          0        708   cpu_a.o
       100         18          0          4         16      11870   cpu_core.o
       136         18          0          0          0        780   csp_pm.o
     15612        108          0          1          0      40412   glcd_1.o
        72         36          0          0          0      17341   irq_adc.o
       298         54          0          0          0       2429   irq_button.o
       112         26          0        232          0       2777   irq_timer.o
       152         28          0          0          0      27481   lib_adc.o
       210         20          0          0          0       1566   lib_button.o
       132         10          0          0          0        468   lib_joystick.o
        48         12          0          1          0        631   lib_led.o
       188         18          0          4      15432      13559   lib_mem.o
        60         12          0          0          0        487   lib_timer.o
       808        134          0         18       2168      33990   main.o
         2          0        164          0       9376      17992   os_cfg_app.o
      2300        292          0          0          0      15727   os_core.o
       132         32          0          0          0        548   os_cpu_a.o
       444         36          0          4          0       6344   os_cpu_c.o
       368        240        364          0          0       4853   os_dbg.o
        24         10          0          0          0        934   os_flag.o
        24         10          0          0          0        929   os_mem.o
       106         12          0          0          0       1603   os_msg.o
       136         16          0          8          0       2778   os_prio.o
        24         10          0          0          0        929   os_sem.o
      1608         90          0          0          0       6903   os_task.o
      1160        108          0          0          0       4790   os_tick.o
       536         42          0          0          0       2729   os_time.o
         0          0          0         72       1148      16263   os_var.o
        80         30        204          0        512       1048   startup_lpc17xx.o
       320         18          0          0          0        581   system_lpc17xx.o

    ----------------------------------------------------------------------
     25476       1474       2300        348      29400     281725   Object Totals
         0          0         48          0          0          0   (incl. Generated)
        18          0          0          4        556          0   (incl. Padding)

    ----------------------------------------------------------------------

      Code (inc. data)   RO Data    RW Data    ZI Data      Debug   Library Member Name

        90          0          0          0          0          0   __dczerorl2.o
         8          0          0          0          0         68   __main.o
         0          0          0          0          0          0   __rtentry.o
        12          0          0          0          0          0   __rtentry2.o
         6          0          0          0          0          0   __rtentry4.o
        52          8          0          0          0          0   __scatter.o
        28          0          0          0          0          0   __scatter_zi.o
        18          0          0          0          0         80   exit.o
         6          0          0          0          0        152   heapauxi.o
         0          0          0          0          0          0   indicate_semi.o
         2          0          0          0          0          0   libinit.o
         2          0          0          0          0          0   libinit2.o
         2          0          0          0          0          0   libshutdown.o
         2          0          0          0          0          0   libshutdown2.o
         8          4          0          0         96         68   libspace.o
       138          0          0          0          0         68   rt_memcpy_v6.o
       100          0          0          0          0         80   rt_memcpy_w.o
         2          0          0          0          0          0   rtexit.o
        10          0          0          0          0          0   rtexit2.o
        12          4          0          0          0         68   sys_exit.o
        74          0          0          0          0         80   sys_stackheap_outer.o
         2          0          0          0          0         68   use_no_semi.o

    ----------------------------------------------------------------------
       580         16          0          0        100        732   Library Totals
         6          0          0          0          4          0   (incl. Padding)

    ----------------------------------------------------------------------

      Code (inc. data)   RO Data    RW Data    ZI Data      Debug   Library Name

       574         16          0          0         96        732   c_w.l

    ----------------------------------------------------------------------
       580         16          0          0        100        732   Library Totals

    ----------------------------------------------------------------------

==============================================================================


      Code (inc. data)   RO Data    RW Data    ZI Data      Debug   

     26056       1490       2300        348      29500     276733   Grand Totals
     26056       1490       2300        120      29500     276733   ELF Image Totals (compressed)
     26056       1490       2300        120          0          0   ROM Totals

==============================================================================

    Total RO  Size (Code + RO Data)                28356 (  27.69kB)
    Total RW  Size (RW Data + ZI Data)             29848 (  29.15kB)
    Total ROM Size (Code + RO Data + RW Data)      28476 (  27.81kB)

==============================================================================

