<html>
<body>
<pre>
<h1>µVision Build Log</h1>
<h2>Tool Versions:</h2>
IDE-Version: µVision V5.37.0.0
Copyright (C) 2022 ARM Ltd and ARM Germany GmbH. All rights reserved.
License Information: Stefano Di Carlo, Politecnico di Torino, LIC=----
 
Tool Versions:
Toolchain:       MDK-Lite  Version: 5.37.0.0
Toolchain Path:  C:\Keil_v5\ARM\ARMCLAN5\Bin
C Compiler:      Armcc.exe V5.06 update 7 (build 960)
Assembler:       Armasm.exe V5.06 update 7 (build 960)
Linker/Locator:  ArmLink.exe V5.06 update 7 (build 960)
Library Manager: ArmAr.exe V5.06 update 7 (build 960)
Hex Converter:   FromElf.exe V5.06 update 7 (build 960)
CPU DLL:         SARMCM3.DLL V5.37.0.0
Dialog DLL:      DARMP1.DLL V1.28.1.0
Target DLL:      UL2CM3.DLL V1.164.7.0
Dialog DLL:      TARMP1.DLL V1.27.1.0
 
<h2>Project:</h2>
Z:\EmbeddedOS\micriumlab1\os_micrium_landtiger.uvprojx
Project File Date:  11/21/2022

<h2>Output:</h2>
*** Using Compiler 'V5.06 update 7 (build 960)', folder: 'C:\Keil_v5\ARM\ARMCLAN5\Bin'
Build target 'Target 1'
Note: source file '.\Board\GLCD\AsciiLib.c' - object file renamed from '.\Objects\AsciiLib.o' to '.\Objects\asciilib_1.o'.
Note: source file '.\Board\GLCD\GLCD.c' - object file renamed from '.\Objects\GLCD.o' to '.\Objects\glcd_1.o'.
Note: source file '.\Board\GLCD\HzLib.c' - object file renamed from '.\Objects\HzLib.o' to '.\Objects\hzlib_1.o'.
compiling main.c...
Board/adc/adc.h(12): warning:  #1-D: last line of file ends without a newline
  #endif 
Board/button_EXINT/button.h(12): warning:  #1-D: last line of file ends without a newline
  #endif
.\Software\user\configuration_os\os_cfg.h(87): warning:  #47-D: incompatible redefinition of macro "OS_CFG_TASK_DEL_EN"  (declared at line 51 of ".\Software\user\configuration_os\app_cfg.h")
  #define OS_CFG_TASK_DEL_EN              0u   /* Include code for OSTaskDel()                                          */
.\Software\user\configuration_os\os_cfg.h(102): warning:  #47-D: incompatible redefinition of macro "OS_CFG_TMR_EN"  (declared at line 52 of ".\Software\user\configuration_os\app_cfg.h")
  #define OS_CFG_TMR_EN                   0u   /* Enable (1) or Disable (0) code generation for TIMERS                  */
main.c(94): warning:  #223-D: function "OSTmrCreate" declared implicitly
  		OSTmrCreate(&Task1Tmr,         				/* p_tmr          */
main.c(180): warning:  #223-D: function "OSTmrStart" declared implicitly
  							OSTmrStart(&Task1Tmr, &err);
main.c(192): warning:  #223-D: function "OSTmrStop" declared implicitly
  						OSTmrStop(&Task1Tmr,
main.c(203): warning:  #223-D: function "OSTmrStop" declared implicitly
  						OSTmrStop(&Task2Tmr,
main.c(215): warning:  #767-D: conversion from pointer to smaller integer
  						 PutChar(pos_x, pos_y, (char) "0" ,White, Blue);
main.c(221): warning:  #767-D: conversion from pointer to smaller integer
  						 PutChar(pos_x, pos_y, (char) "0" ,White, Blue);
main.c(227): warning:  #767-D: conversion from pointer to smaller integer
  						 PutChar(pos_x, pos_y, (char) "0" ,White, Blue);
main.c(233): warning:  #767-D: conversion from pointer to smaller integer
  						 PutChar(pos_x, pos_y, (char) "0" ,White, Blue);
main.c(159): warning:  #177-D: variable "os_err"  was declared but never referenced
  		OS_ERR  os_err;
main.c(161): warning:  #177-D: variable "status"  was declared but never referenced
  		CPU_BOOLEAN  status;
main.c(291): warning:  #167-D: argument of type "uint8_t *" is incompatible with parameter of type "uint8_t"
  	PutChar(50,70, (uint8_t *) disp, White, Blue);
main.c(292): warning:  #223-D: function "OSTaskDel" declared implicitly
  	OSTaskDel((OS_TCB *)0, &err);
main.c(306): warning:  #223-D: function "OSTaskDel" declared implicitly
  	OSTaskDel((OS_TCB *)0, &err);
main.c(53): warning:  #177-D: function "App_ObjCreate"  was declared but never referenced
  static void App_ObjCreate  (void);
main.c(55): warning:  #177-D: function "App_TaskCreate"  was declared but never referenced
  static void App_TaskCreate(void);
main.c: 19 warnings, 0 errors
linking...
Program Size: Code=27844 RO-data=2332 RW-data=472 ZI-data=30200  
".\Objects\os_micrium_landtiger.axf" - 0 Error(s), 19 Warning(s).

<h2>Software Packages used:</h2>

Package Vendor: ARM
                http://www.keil.com/pack/ARM.CMSIS.5.9.0.pack
                ARM.CMSIS.5.9.0
                CMSIS (Common Microcontroller Software Interface Standard)
   * Component: CORE Version: 5.6.0

Package Vendor: Keil
                http://www.keil.com/pack/Keil.LPC1700_DFP.2.7.1.pack
                Keil.LPC1700_DFP.2.7.1
                NXP LPC1700 Series Device Support, Drivers and Examples for MCB1700 and LPC1788-32
   * Component: GPIO Version: 1.1.0
   * Component: PIN Version: 1.0.0
   * Component: Startup Version: 1.0.0

<h2>Collection of Component include folders:</h2>
  ./RTE/Device/LPC1768
  ./RTE/_Target_1
  C:/Users/stefano/AppData/Local/Arm/Packs/ARM/CMSIS/5.9.0/CMSIS/Core/Include
  C:/Users/stefano/AppData/Local/Arm/Packs/Keil/LPC1700_DFP/2.7.1/Device/Include
  C:/Users/stefano/AppData/Local/Arm/Packs/Keil/LPC1700_DFP/2.7.1/RTE_Driver

<h2>Collection of Component Files used:</h2>

   * Component: ARM::CMSIS:CORE:5.6.0

   * Component: Keil::Device:GPIO:1.1.0
      Source file:   RTE_Driver/GPIO_LPC17xx.c
      Include file:  RTE_Driver/GPIO_LPC17xx.h

   * Component: Keil::Device:PIN:1.0.0
      Include file:  RTE_Driver/PIN_LPC17xx.h
      Source file:   RTE_Driver/PIN_LPC17xx.c

   * Component: Keil::Device:Startup:1.0.0
      Source file:   Device/Source/ARM/startup_LPC17xx.s
      Include file:  Device/Include/LPC17xx.h
      Include file:  RTE_Driver/Config/RTE_Device.h
      Source file:   Device/Source/system_LPC17xx.c
Build Time Elapsed:  00:00:01
</pre>
</body>
</html>
