<html>
<body>
<pre>
<h1>µVision Build Log</h1>
<h2>Tool Versions:</h2>
IDE-Version: µVision V5.37.0.0
Copyright (C) 2022 ARM Ltd and ARM Germany GmbH. All rights reserved.
License Information: Stefano Di Carlo, Politecnico di Torino, LIC=----
 
Tool Versions:
Toolchain:       MDK-Lite  Version: 5.37.0.0
Toolchain Path:  C:\Keil_v5\ARM\ARMCLAN5\Bin
C Compiler:      Armcc.exe V5.06 update 7 (build 960)
Assembler:       Armasm.exe V5.06 update 7 (build 960)
Linker/Locator:  ArmLink.exe V5.06 update 7 (build 960)
Library Manager: ArmAr.exe V5.06 update 7 (build 960)
Hex Converter:   FromElf.exe V5.06 update 7 (build 960)
CPU DLL:         SARMCM3.DLL V5.37.0.0
Dialog DLL:      DARMP1.DLL V1.28.1.0
Target DLL:      UL2CM3.DLL V1.164.7.0
Dialog DLL:      TARMP1.DLL V1.27.1.0
 
<h2>Project:</h2>
C:\Users\stefano\Documents\micrium\micriumlab1\os_micrium_landtiger.uvprojx
Project File Date:  11/21/2022

<h2>Output:</h2>
*** Using Compiler 'V5.06 update 7 (build 960)', folder: 'C:\Keil_v5\ARM\ARMCLAN5\Bin'
Rebuild target 'Target 1'
Note: source file '.\Board\GLCD\AsciiLib.c' - object file renamed from '.\Objects\AsciiLib.o' to '.\Objects\asciilib_1.o'.
Note: source file '.\Board\GLCD\GLCD.c' - object file renamed from '.\Objects\GLCD.o' to '.\Objects\glcd_1.o'.
Note: source file '.\Board\GLCD\HzLib.c' - object file renamed from '.\Objects\HzLib.o' to '.\Objects\hzlib_1.o'.
compiling bsp_os.c...
compiling main.c...
Board/adc/adc.h(12): warning:  #1-D: last line of file ends without a newline
  #endif 
Board/button_EXINT/button.h(11): warning:  #1-D: last line of file ends without a newline
  #endif
main.c(25): warning:  #177-D: variable "GUI_TSK_TCB"  was declared but never referenced
  static	OS_TCB			  GUI_TSK_TCB;
main.c(26): warning:  #177-D: variable "INPUT_TSK_TCB"  was declared but never referenced
  static	OS_TCB				INPUT_TSK_TCB;
main.c(30): warning:  #177-D: variable "GUI_TSK_STACK"  was declared but never referenced
  static	CPU_STK_SIZE	GUI_TSK_STACK[APP_CFG_TASK_STK_SIZE];
main.c(31): warning:  #177-D: variable "INPUT_TSK_STACK"  was declared but never referenced
  static  CPU_STK_SIZE	INPUT_TSK_STACK[APP_CFG_TASK_STK_SIZE];
main.c(48): warning:  #177-D: function "App_ObjCreate"  was declared but never referenced
  static void App_ObjCreate  (void);
main.c(50): warning:  #177-D: function "App_TaskCreate"  was declared but never referenced
  static void App_TaskCreate(void);
main.c: 8 warnings, 0 errors
compiling bsp.c...
compiling app_hooks.c...
Software\user\configuration_os\./../../../Board/adc/adc.h(12): warning:  #1-D: last line of file ends without a newline
  #endif 
Software\user\configuration_os\./../../../Board/button_EXINT/button.h(11): warning:  #1-D: last line of file ends without a newline
  #endif
Software\user\configuration_os\app_hooks.c: 2 warnings, 0 errors
assembling cpu_a.s...
compiling os_app_hooks.c...
compiling csp.c...
compiling cpu_core.c...
compiling cpu_c.c...
compiling csp_int.c...
compiling csp_pm.c...
compiling csp_gpio.c...
assembling lib_mem_a.asm...
compiling lib_ascii.c...
compiling csp_tmr.c...
compiling lib_math.c...
compiling lib_mem.c...
compiling lib_str.c...
compiling os_cfg_app.c...
compiling os_dbg.c...
compiling os_core.c...
compiling os_flag.c...
compiling os_int.c...
compiling os_mem.c...
compiling os_msg.c...
compiling os_mutex.c...
compiling os_prio.c...
compiling os_pend_multi.c...
compiling os_q.c...
compiling os_stat.c...
compiling os_sem.c...
compiling os_task.c...
compiling os_tick.c...
compiling os_time.c...
compiling os_tmr.c...
compiling os_var.c...
compiling os_csp.c...
assembling os_cpu_a.s...
compiling os_cpu_c.c...
compiling lib_adc.c...
Board\adc\./adc.h(12): warning:  #1-D: last line of file ends without a newline
  #endif 
Board\adc\lib_adc.c: 1 warning, 0 errors
compiling IRQ_adc.c...
Board\adc\./adc.h(12): warning:  #1-D: last line of file ends without a newline
  #endif 
Board\adc\IRQ_adc.c: 1 warning, 0 errors
compiling AsciiLib.c...
compiling funct_joystick.c...
compiling lib_joystick.c...
compiling HzLib.c...
compiling funct_led.c...
compiling lib_led.c...
compiling IRQ_timer.c...
compiling lib_timer.c...
compiling IRQ_button.c...
Board\button_EXINT\button.h(11): warning:  #1-D: last line of file ends without a newline
  #endif
Board\button_EXINT\IRQ_button.c: 1 warning, 0 errors
compiling lib_button.c...
Board\button_EXINT\button.h(11): warning:  #1-D: last line of file ends without a newline
  #endif
Board\button_EXINT\lib_button.c: 1 warning, 0 errors
compiling GLCD.c...
compiling GPIO_LPC17xx.c...
assembling startup_LPC17xx.s...
compiling PIN_LPC17xx.c...
compiling system_LPC17xx.c...
linking...
Program Size: Code=26056 RO-data=2300 RW-data=348 ZI-data=29500  
".\Objects\os_micrium_landtiger.axf" - 0 Error(s), 14 Warning(s).

<h2>Software Packages used:</h2>

Package Vendor: ARM
                http://www.keil.com/pack/ARM.CMSIS.5.9.0.pack
                ARM.CMSIS.5.9.0
                CMSIS (Common Microcontroller Software Interface Standard)
   * Component: CORE Version: 5.6.0

Package Vendor: Keil
                http://www.keil.com/pack/Keil.LPC1700_DFP.2.7.1.pack
                Keil.LPC1700_DFP.2.7.1
                NXP LPC1700 Series Device Support, Drivers and Examples for MCB1700 and LPC1788-32
   * Component: GPIO Version: 1.1.0
   * Component: PIN Version: 1.0.0
   * Component: Startup Version: 1.0.0

<h2>Collection of Component include folders:</h2>
  ./RTE/Device/LPC1768
  ./RTE/_Target_1
  C:/Users/stefano/AppData/Local/Arm/Packs/ARM/CMSIS/5.9.0/CMSIS/Core/Include
  C:/Users/stefano/AppData/Local/Arm/Packs/Keil/LPC1700_DFP/2.7.1/Device/Include
  C:/Users/stefano/AppData/Local/Arm/Packs/Keil/LPC1700_DFP/2.7.1/RTE_Driver

<h2>Collection of Component Files used:</h2>

   * Component: ARM::CMSIS:CORE:5.6.0

   * Component: Keil::Device:GPIO:1.1.0
      Source file:   RTE_Driver/GPIO_LPC17xx.c
      Include file:  RTE_Driver/GPIO_LPC17xx.h

   * Component: Keil::Device:PIN:1.0.0
      Include file:  RTE_Driver/PIN_LPC17xx.h
      Source file:   RTE_Driver/PIN_LPC17xx.c

   * Component: Keil::Device:Startup:1.0.0
      Include file:  RTE_Driver/Config/RTE_Device.h
      Source file:   Device/Source/ARM/startup_LPC17xx.s
      Include file:  Device/Include/LPC17xx.h
      Source file:   Device/Source/system_LPC17xx.c
Build Time Elapsed:  00:00:05
</pre>
</body>
</html>
